[dotenv@17.3.1] injecting env (35) from .env -- tip: ⚙️  suppress all logs with { quiet: true }
DB_PASSWORD from env: ****
Initializing Test Database...
Executing (default): SELECT 1+1 AS result
Sequelize connected successfully
Executing (default): CREATE EXTENSION IF NOT EXISTS vector;
pgvector extension ensured
Executing (default): SELECT table_name FROM information_schema.tables WHERE table_schema = 'public' AND table_name = 'users'
Executing (default): SELECT pk.constraint_type as "Constraint",c.column_name as "Field", c.column_default as "Default",c.is_nullable as "Null", (CASE WHEN c.udt_name = 'hstore' THEN c.udt_name ELSE c.data_type END) || (CASE WHEN c.character_maximum_length IS NOT NULL THEN '(' || c.character_maximum_length || ')' ELSE '' END) as "Type", (SELECT array_agg(e.enumlabel) FROM pg_catalog.pg_type t JOIN pg_catalog.pg_enum e ON t.oid=e.enumtypid WHERE t.typname=c.udt_name) AS "special", (SELECT pgd.description FROM pg_catalog.pg_statio_all_tables AS st INNER JOIN pg_catalog.pg_description pgd on (pgd.objoid=st.relid) WHERE c.ordinal_position=pgd.objsubid AND c.table_name=st.relname) AS "Comment" FROM information_schema.columns c LEFT JOIN (SELECT tc.table_schema, tc.table_name, cu.column_name, tc.constraint_type FROM information_schema.TABLE_CONSTRAINTS tc JOIN information_schema.KEY_COLUMN_USAGE  cu ON tc.table_schema=cu.table_schema and tc.table_name=cu.table_name and tc.constraint_name=cu.constraint_name and tc.constraint_type='PRIMARY KEY') pk ON pk.table_schema=c.table_schema AND pk.table_name=c.table_name AND pk.column_name=c.column_name WHERE c.table_name = 'users' AND c.table_schema = 'public'
Executing (default): SELECT DISTINCT tc.constraint_name as constraint_name, tc.constraint_schema as constraint_schema, tc.constraint_catalog as constraint_catalog, tc.table_name as table_name,tc.table_schema as table_schema,tc.table_catalog as table_catalog,tc.initially_deferred as initially_deferred,tc.is_deferrable as is_deferrable,kcu.column_name as column_name,ccu.table_schema  AS referenced_table_schema,ccu.table_catalog  AS referenced_table_catalog,ccu.table_name  AS referenced_table_name,ccu.column_name AS referenced_column_name FROM information_schema.table_constraints AS tc JOIN information_schema.key_column_usage AS kcu ON tc.constraint_name = kcu.constraint_name JOIN information_schema.constraint_column_usage AS ccu ON ccu.constraint_name = tc.constraint_name WHERE constraint_type = 'FOREIGN KEY' AND tc.table_name = 'users' AND tc.table_catalog = 'EAP'
Executing (default): ALTER TABLE "users" ALTER COLUMN "name" SET NOT NULL;ALTER TABLE "users" ALTER COLUMN "name" DROP DEFAULT;ALTER TABLE "users" ALTER COLUMN "name" TYPE VARCHAR(100);
Executing (default): ALTER TABLE "users" ALTER COLUMN "email" SET NOT NULL;ALTER TABLE "users" ALTER COLUMN "email" DROP DEFAULT;ALTER TABLE "users"  ADD UNIQUE ("email");ALTER TABLE "users" ALTER COLUMN "email" TYPE VARCHAR(100)  ;
Executing (default): ALTER TABLE "users" ALTER COLUMN "password" DROP NOT NULL;ALTER TABLE "users" ALTER COLUMN "password" DROP DEFAULT;ALTER TABLE "users" ALTER COLUMN "password" TYPE VARCHAR(255);
Executing (default): ALTER TABLE "users" ALTER COLUMN "google_id" DROP NOT NULL;ALTER TABLE "users" ALTER COLUMN "google_id" DROP DEFAULT;ALTER TABLE "users"  ADD UNIQUE ("google_id");ALTER TABLE "users" ALTER COLUMN "google_id" TYPE VARCHAR(100) ;
Executing (default): ALTER TABLE "users" ALTER COLUMN "role" SET NOT NULL;ALTER TABLE "users" ALTER COLUMN "role" SET DEFAULT 'student';ALTER TABLE "users" ALTER COLUMN "role" TYPE VARCHAR(20);
Executing (default): ALTER TABLE "users" ALTER COLUMN "is_active" SET NOT NULL;ALTER TABLE "users" ALTER COLUMN "is_active" SET DEFAULT true;ALTER TABLE "users" ALTER COLUMN "is_active" TYPE BOOLEAN;
Executing (default): ALTER TABLE "users" ALTER COLUMN "created_at" DROP NOT NULL;ALTER TABLE "users" ALTER COLUMN "created_at" DROP DEFAULT;ALTER TABLE "users" ALTER COLUMN "created_at" TYPE TIMESTAMP WITH TIME ZONE;
Executing (default): ALTER TABLE "users" ALTER COLUMN "updated_at" DROP NOT NULL;ALTER TABLE "users" ALTER COLUMN "updated_at" DROP DEFAULT;ALTER TABLE "users" ALTER COLUMN "updated_at" TYPE TIMESTAMP WITH TIME ZONE;
Executing (default): ALTER TABLE "users" ALTER COLUMN "fcm_token" DROP NOT NULL;ALTER TABLE "users" ALTER COLUMN "fcm_token" DROP DEFAULT;ALTER TABLE "users" ALTER COLUMN "fcm_token" TYPE VARCHAR(255);
Executing (default): SELECT i.relname AS name, ix.indisprimary AS primary, ix.indisunique AS unique, ix.indkey AS indkey, array_agg(a.attnum) as column_indexes, array_agg(a.attname) AS column_names, pg_get_indexdef(ix.indexrelid) AS definition FROM pg_class t, pg_class i, pg_index ix, pg_attribute a WHERE t.oid = ix.indrelid AND i.oid = ix.indexrelid AND a.attrelid = t.oid AND t.relkind = 'r' and t.relname = 'users' GROUP BY i.relname, ix.indexrelid, ix.indisprimary, ix.indisunique, ix.indkey ORDER BY i.relname;
Executing (default): SELECT table_name FROM information_schema.tables WHERE table_schema = 'public' AND table_name = 'refresh_tokens'
Executing (default): SELECT pk.constraint_type as "Constraint",c.column_name as "Field", c.column_default as "Default",c.is_nullable as "Null", (CASE WHEN c.udt_name = 'hstore' THEN c.udt_name ELSE c.data_type END) || (CASE WHEN c.character_maximum_length IS NOT NULL THEN '(' || c.character_maximum_length || ')' ELSE '' END) as "Type", (SELECT array_agg(e.enumlabel) FROM pg_catalog.pg_type t JOIN pg_catalog.pg_enum e ON t.oid=e.enumtypid WHERE t.typname=c.udt_name) AS "special", (SELECT pgd.description FROM pg_catalog.pg_statio_all_tables AS st INNER JOIN pg_catalog.pg_description pgd on (pgd.objoid=st.relid) WHERE c.ordinal_position=pgd.objsubid AND c.table_name=st.relname) AS "Comment" FROM information_schema.columns c LEFT JOIN (SELECT tc.table_schema, tc.table_name, cu.column_name, tc.constraint_type FROM information_schema.TABLE_CONSTRAINTS tc JOIN information_schema.KEY_COLUMN_USAGE  cu ON tc.table_schema=cu.table_schema and tc.table_name=cu.table_name and tc.constraint_name=cu.constraint_name and tc.constraint_type='PRIMARY KEY') pk ON pk.table_schema=c.table_schema AND pk.table_name=c.table_name AND pk.column_name=c.column_name WHERE c.table_name = 'refresh_tokens' AND c.table_schema = 'public'
Executing (default): SELECT DISTINCT tc.constraint_name as constraint_name, tc.constraint_schema as constraint_schema, tc.constraint_catalog as constraint_catalog, tc.table_name as table_name,tc.table_schema as table_schema,tc.table_catalog as table_catalog,tc.initially_deferred as initially_deferred,tc.is_deferrable as is_deferrable,kcu.column_name as column_name,ccu.table_schema  AS referenced_table_schema,ccu.table_catalog  AS referenced_table_catalog,ccu.table_name  AS referenced_table_name,ccu.column_name AS referenced_column_name FROM information_schema.table_constraints AS tc JOIN information_schema.key_column_usage AS kcu ON tc.constraint_name = kcu.constraint_name JOIN information_schema.constraint_column_usage AS ccu ON ccu.constraint_name = tc.constraint_name WHERE constraint_type = 'FOREIGN KEY' AND tc.table_name = 'refresh_tokens' AND tc.table_catalog = 'EAP'
Executing (default): ALTER TABLE "refresh_tokens" DROP CONSTRAINT "refresh_tokens_user_id_fkey"
Executing (default): ALTER TABLE "refresh_tokens" ALTER COLUMN "user_id" SET NOT NULL;ALTER TABLE "refresh_tokens"  ADD FOREIGN KEY ("user_id") REFERENCES "users" ("id") ON DELETE CASCADE ON UPDATE CASCADE;
Executing (default): ALTER TABLE "refresh_tokens" ALTER COLUMN "token" SET NOT NULL;ALTER TABLE "refresh_tokens" ALTER COLUMN "token" DROP DEFAULT;ALTER TABLE "refresh_tokens"  ADD UNIQUE ("token");ALTER TABLE "refresh_tokens" ALTER COLUMN "token" TYPE TEXT  ;
Executing (default): ALTER TABLE "refresh_tokens" ALTER COLUMN "expires_at" SET NOT NULL;ALTER TABLE "refresh_tokens" ALTER COLUMN "expires_at" DROP DEFAULT;ALTER TABLE "refresh_tokens" ALTER COLUMN "expires_at" TYPE TIMESTAMP WITH TIME ZONE;
Executing (default): ALTER TABLE "refresh_tokens" ALTER COLUMN "created_at" DROP NOT NULL;ALTER TABLE "refresh_tokens" ALTER COLUMN "created_at" DROP DEFAULT;ALTER TABLE "refresh_tokens" ALTER COLUMN "created_at" TYPE TIMESTAMP WITH TIME ZONE;
Executing (default): SELECT i.relname AS name, ix.indisprimary AS primary, ix.indisunique AS unique, ix.indkey AS indkey, array_agg(a.attnum) as column_indexes, array_agg(a.attname) AS column_names, pg_get_indexdef(ix.indexrelid) AS definition FROM pg_class t, pg_class i, pg_index ix, pg_attribute a WHERE t.oid = ix.indrelid AND i.oid = ix.indexrelid AND a.attrelid = t.oid AND t.relkind = 'r' and t.relname = 'refresh_tokens' GROUP BY i.relname, ix.indexrelid, ix.indisprimary, ix.indisunique, ix.indkey ORDER BY i.relname;
Executing (default): SELECT table_name FROM information_schema.tables WHERE table_schema = 'public' AND table_name = 'password_reset_tokens'
Executing (default): SELECT pk.constraint_type as "Constraint",c.column_name as "Field", c.column_default as "Default",c.is_nullable as "Null", (CASE WHEN c.udt_name = 'hstore' THEN c.udt_name ELSE c.data_type END) || (CASE WHEN c.character_maximum_length IS NOT NULL THEN '(' || c.character_maximum_length || ')' ELSE '' END) as "Type", (SELECT array_agg(e.enumlabel) FROM pg_catalog.pg_type t JOIN pg_catalog.pg_enum e ON t.oid=e.enumtypid WHERE t.typname=c.udt_name) AS "special", (SELECT pgd.description FROM pg_catalog.pg_statio_all_tables AS st INNER JOIN pg_catalog.pg_description pgd on (pgd.objoid=st.relid) WHERE c.ordinal_position=pgd.objsubid AND c.table_name=st.relname) AS "Comment" FROM information_schema.columns c LEFT JOIN (SELECT tc.table_schema, tc.table_name, cu.column_name, tc.constraint_type FROM information_schema.TABLE_CONSTRAINTS tc JOIN information_schema.KEY_COLUMN_USAGE  cu ON tc.table_schema=cu.table_schema and tc.table_name=cu.table_name and tc.constraint_name=cu.constraint_name and tc.constraint_type='PRIMARY KEY') pk ON pk.table_schema=c.table_schema AND pk.table_name=c.table_name AND pk.column_name=c.column_name WHERE c.table_name = 'password_reset_tokens' AND c.table_schema = 'public'
Executing (default): SELECT DISTINCT tc.constraint_name as constraint_name, tc.constraint_schema as constraint_schema, tc.constraint_catalog as constraint_catalog, tc.table_name as table_name,tc.table_schema as table_schema,tc.table_catalog as table_catalog,tc.initially_deferred as initially_deferred,tc.is_deferrable as is_deferrable,kcu.column_name as column_name,ccu.table_schema  AS referenced_table_schema,ccu.table_catalog  AS referenced_table_catalog,ccu.table_name  AS referenced_table_name,ccu.column_name AS referenced_column_name FROM information_schema.table_constraints AS tc JOIN information_schema.key_column_usage AS kcu ON tc.constraint_name = kcu.constraint_name JOIN information_schema.constraint_column_usage AS ccu ON ccu.constraint_name = tc.constraint_name WHERE constraint_type = 'FOREIGN KEY' AND tc.table_name = 'password_reset_tokens' AND tc.table_catalog = 'EAP'
Executing (default): ALTER TABLE "password_reset_tokens" DROP CONSTRAINT "password_reset_tokens_user_id_fkey"
Executing (default): ALTER TABLE "password_reset_tokens" ALTER COLUMN "user_id" SET NOT NULL;ALTER TABLE "password_reset_tokens"  ADD FOREIGN KEY ("user_id") REFERENCES "users" ("id") ON DELETE CASCADE ON UPDATE CASCADE;
Executing (default): ALTER TABLE "password_reset_tokens" ALTER COLUMN "token" SET NOT NULL;ALTER TABLE "password_reset_tokens" ALTER COLUMN "token" DROP DEFAULT;ALTER TABLE "password_reset_tokens"  ADD UNIQUE ("token");ALTER TABLE "password_reset_tokens" ALTER COLUMN "token" TYPE TEXT  ;
Executing (default): ALTER TABLE "password_reset_tokens" ALTER COLUMN "expires_at" SET NOT NULL;ALTER TABLE "password_reset_tokens" ALTER COLUMN "expires_at" DROP DEFAULT;ALTER TABLE "password_reset_tokens" ALTER COLUMN "expires_at" TYPE TIMESTAMP WITH TIME ZONE;
Executing (default): ALTER TABLE "password_reset_tokens" ALTER COLUMN "used" SET NOT NULL;ALTER TABLE "password_reset_tokens" ALTER COLUMN "used" SET DEFAULT false;ALTER TABLE "password_reset_tokens" ALTER COLUMN "used" TYPE BOOLEAN;
Executing (default): ALTER TABLE "password_reset_tokens" ALTER COLUMN "created_at" DROP NOT NULL;ALTER TABLE "password_reset_tokens" ALTER COLUMN "created_at" DROP DEFAULT;ALTER TABLE "password_reset_tokens" ALTER COLUMN "created_at" TYPE TIMESTAMP WITH TIME ZONE;
Executing (default): SELECT i.relname AS name, ix.indisprimary AS primary, ix.indisunique AS unique, ix.indkey AS indkey, array_agg(a.attnum) as column_indexes, array_agg(a.attname) AS column_names, pg_get_indexdef(ix.indexrelid) AS definition FROM pg_class t, pg_class i, pg_index ix, pg_attribute a WHERE t.oid = ix.indrelid AND i.oid = ix.indexrelid AND a.attrelid = t.oid AND t.relkind = 'r' and t.relname = 'password_reset_tokens' GROUP BY i.relname, ix.indexrelid, ix.indisprimary, ix.indisunique, ix.indkey ORDER BY i.relname;
Executing (default): SELECT table_name FROM information_schema.tables WHERE table_schema = 'public' AND table_name = 'students'
Executing (default): SELECT pk.constraint_type as "Constraint",c.column_name as "Field", c.column_default as "Default",c.is_nullable as "Null", (CASE WHEN c.udt_name = 'hstore' THEN c.udt_name ELSE c.data_type END) || (CASE WHEN c.character_maximum_length IS NOT NULL THEN '(' || c.character_maximum_length || ')' ELSE '' END) as "Type", (SELECT array_agg(e.enumlabel) FROM pg_catalog.pg_type t JOIN pg_catalog.pg_enum e ON t.oid=e.enumtypid WHERE t.typname=c.udt_name) AS "special", (SELECT pgd.description FROM pg_catalog.pg_statio_all_tables AS st INNER JOIN pg_catalog.pg_description pgd on (pgd.objoid=st.relid) WHERE c.ordinal_position=pgd.objsubid AND c.table_name=st.relname) AS "Comment" FROM information_schema.columns c LEFT JOIN (SELECT tc.table_schema, tc.table_name, cu.column_name, tc.constraint_type FROM information_schema.TABLE_CONSTRAINTS tc JOIN information_schema.KEY_COLUMN_USAGE  cu ON tc.table_schema=cu.table_schema and tc.table_name=cu.table_name and tc.constraint_name=cu.constraint_name and tc.constraint_type='PRIMARY KEY') pk ON pk.table_schema=c.table_schema AND pk.table_name=c.table_name AND pk.column_name=c.column_name WHERE c.table_name = 'students' AND c.table_schema = 'public'
Executing (default): SELECT DISTINCT tc.constraint_name as constraint_name, tc.constraint_schema as constraint_schema, tc.constraint_catalog as constraint_catalog, tc.table_name as table_name,tc.table_schema as table_schema,tc.table_catalog as table_catalog,tc.initially_deferred as initially_deferred,tc.is_deferrable as is_deferrable,kcu.column_name as column_name,ccu.table_schema  AS referenced_table_schema,ccu.table_catalog  AS referenced_table_catalog,ccu.table_name  AS referenced_table_name,ccu.column_name AS referenced_column_name FROM information_schema.table_constraints AS tc JOIN information_schema.key_column_usage AS kcu ON tc.constraint_name = kcu.constraint_name JOIN information_schema.constraint_column_usage AS ccu ON ccu.constraint_name = tc.constraint_name WHERE constraint_type = 'FOREIGN KEY' AND tc.table_name = 'students' AND tc.table_catalog = 'EAP'
Executing (default): ALTER TABLE "students" DROP CONSTRAINT "students_user_id_fkey"
Executing (default): ALTER TABLE "students" ALTER COLUMN "user_id" SET NOT NULL;ALTER TABLE "students"  ADD FOREIGN KEY ("user_id") REFERENCES "users" ("id") ON DELETE CASCADE ON UPDATE CASCADE;
Executing (default): ALTER TABLE "students" ALTER COLUMN "calculated_gpa" DROP NOT NULL;ALTER TABLE "students" ALTER COLUMN "calculated_gpa" DROP DEFAULT;ALTER TABLE "students" ALTER COLUMN "calculated_gpa" TYPE DECIMAL(3,2);
Executing (default): ALTER TABLE "students" ALTER COLUMN "academic_history" DROP NOT NULL;ALTER TABLE "students" ALTER COLUMN "academic_history" DROP DEFAULT;ALTER TABLE "students" ALTER COLUMN "academic_history" TYPE TEXT;
Executing (default): ALTER TABLE "students" ALTER COLUMN "study_preferences" DROP NOT NULL;ALTER TABLE "students" ALTER COLUMN "study_preferences" DROP DEFAULT;ALTER TABLE "students" ALTER COLUMN "study_preferences" TYPE TEXT;
Executing (default): ALTER TABLE "students" ALTER COLUMN "created_at" DROP NOT NULL;ALTER TABLE "students" ALTER COLUMN "created_at" DROP DEFAULT;ALTER TABLE "students" ALTER COLUMN "created_at" TYPE TIMESTAMP WITH TIME ZONE;
Executing (default): ALTER TABLE "students" ALTER COLUMN "updated_at" DROP NOT NULL;ALTER TABLE "students" ALTER COLUMN "updated_at" DROP DEFAULT;ALTER TABLE "students" ALTER COLUMN "updated_at" TYPE TIMESTAMP WITH TIME ZONE;
Executing (default): ALTER TABLE "students" ALTER COLUMN "extracted_data" DROP NOT NULL;ALTER TABLE "students" ALTER COLUMN "extracted_data" DROP DEFAULT;ALTER TABLE "students" ALTER COLUMN "extracted_data" TYPE TEXT;
Executing (default): ALTER TABLE "students" ALTER COLUMN "id_match_confidence" DROP NOT NULL;ALTER TABLE "students" ALTER COLUMN "id_match_confidence" DROP DEFAULT;ALTER TABLE "students" ALTER COLUMN "id_match_confidence" TYPE DECIMAL(3,2);
Executing (default): ALTER TABLE "students" ALTER COLUMN "identity_verified" SET NOT NULL;ALTER TABLE "students" ALTER COLUMN "identity_verified" SET DEFAULT false;ALTER TABLE "students" ALTER COLUMN "identity_verified" TYPE BOOLEAN;
Executing (default): ALTER TABLE "students" ALTER COLUMN "is_onboarded" SET NOT NULL;ALTER TABLE "students" ALTER COLUMN "is_onboarded" SET DEFAULT false;ALTER TABLE "students" ALTER COLUMN "is_onboarded" TYPE BOOLEAN;
Executing (default): ALTER TABLE "students" ALTER COLUMN "document_url" DROP NOT NULL;ALTER TABLE "students" ALTER COLUMN "document_url" DROP DEFAULT;ALTER TABLE "students" ALTER COLUMN "document_url" TYPE VARCHAR(255);
Executing (default): ALTER TABLE "students" ALTER COLUMN "id_card_url" DROP NOT NULL;ALTER TABLE "students" ALTER COLUMN "id_card_url" DROP DEFAULT;ALTER TABLE "students" ALTER COLUMN "id_card_url" TYPE VARCHAR(255);
Executing (default): ALTER TABLE "students" ALTER COLUMN "selfie_url" DROP NOT NULL;ALTER TABLE "students" ALTER COLUMN "selfie_url" DROP DEFAULT;ALTER TABLE "students" ALTER COLUMN "selfie_url" TYPE VARCHAR(255);
Executing (default): ALTER TABLE "students" ALTER COLUMN "intake_season" DROP NOT NULL;ALTER TABLE "students" ALTER COLUMN "intake_season" DROP DEFAULT;ALTER TABLE "students" ALTER COLUMN "intake_season" TYPE VARCHAR(255);
Executing (default): ALTER TABLE "students" ALTER COLUMN "funding_requirement" DROP NOT NULL;ALTER TABLE "students" ALTER COLUMN "funding_requirement" DROP DEFAULT;ALTER TABLE "students" ALTER COLUMN "funding_requirement" TYPE VARCHAR(255);
Executing (default): ALTER TABLE "students" ALTER COLUMN "ielts_score" DROP NOT NULL;ALTER TABLE "students" ALTER COLUMN "ielts_score" DROP DEFAULT;ALTER TABLE "students" ALTER COLUMN "ielts_score" TYPE DECIMAL(3,1);
Executing (default): ALTER TABLE "students" ALTER COLUMN "toefl_score" DROP NOT NULL;ALTER TABLE "students" ALTER COLUMN "toefl_score" DROP DEFAULT;ALTER TABLE "students" ALTER COLUMN "toefl_score" TYPE INTEGER;
Executing (default): ALTER TABLE "students" ALTER COLUMN "duolingo_score" DROP NOT NULL;ALTER TABLE "students" ALTER COLUMN "duolingo_score" DROP DEFAULT;ALTER TABLE "students" ALTER COLUMN "duolingo_score" TYPE INTEGER;
Executing (default): ALTER TABLE "students" ALTER COLUMN "gender" DROP NOT NULL;ALTER TABLE "students" ALTER COLUMN "gender" DROP DEFAULT;ALTER TABLE "students" ALTER COLUMN "gender" TYPE VARCHAR(255);
Executing (default): ALTER TABLE "students" ALTER COLUMN "age" DROP NOT NULL;ALTER TABLE "students" ALTER COLUMN "age" DROP DEFAULT;ALTER TABLE "students" ALTER COLUMN "age" TYPE INTEGER;
Executing (default): ALTER TABLE "students" ALTER COLUMN "work_experience" DROP NOT NULL;ALTER TABLE "students" ALTER COLUMN "work_experience" DROP DEFAULT;ALTER TABLE "students" ALTER COLUMN "work_experience" TYPE TEXT;
Executing (default): ALTER TABLE "students" ALTER COLUMN "country_interest" DROP NOT NULL;ALTER TABLE "students" ALTER COLUMN "country_interest" DROP DEFAULT;ALTER TABLE "students" ALTER COLUMN "country_interest" TYPE VARCHAR(255);
Executing (default): ALTER TABLE "students" ALTER COLUMN "high_school" DROP NOT NULL;ALTER TABLE "students" ALTER COLUMN "high_school" DROP DEFAULT;ALTER TABLE "students" ALTER COLUMN "high_school" TYPE VARCHAR(255);
Executing (default): ALTER TABLE "students" ALTER COLUMN "academic_status" DROP NOT NULL;ALTER TABLE "students" ALTER COLUMN "academic_status" DROP DEFAULT;ALTER TABLE "students" ALTER COLUMN "academic_status" TYPE VARCHAR(255);
Executing (default): ALTER TABLE "students" ALTER COLUMN "profile_hash" DROP NOT NULL;ALTER TABLE "students" ALTER COLUMN "profile_hash" DROP DEFAULT;ALTER TABLE "students" ALTER COLUMN "profile_hash" TYPE VARCHAR(32);
Executing (default): ALTER TABLE "students" ALTER COLUMN "cv_url" DROP NOT NULL;ALTER TABLE "students" ALTER COLUMN "cv_url" DROP DEFAULT;ALTER TABLE "students" ALTER COLUMN "cv_url" TYPE VARCHAR(255);
Executing (default): ALTER TABLE "students" ALTER COLUMN "transcript_url" DROP NOT NULL;ALTER TABLE "students" ALTER COLUMN "transcript_url" DROP DEFAULT;ALTER TABLE "students" ALTER COLUMN "transcript_url" TYPE VARCHAR(255);
Executing (default): ALTER TABLE "students" ALTER COLUMN "certificate_url" DROP NOT NULL;ALTER TABLE "students" ALTER COLUMN "certificate_url" DROP DEFAULT;ALTER TABLE "students" ALTER COLUMN "certificate_url" TYPE VARCHAR(255);
Executing (default): ALTER TABLE "students" ALTER COLUMN "degree_certificate_url" DROP NOT NULL;ALTER TABLE "students" ALTER COLUMN "degree_certificate_url" DROP DEFAULT;ALTER TABLE "students" ALTER COLUMN "degree_certificate_url" TYPE VARCHAR(255);
Executing (default): ALTER TABLE "students" ALTER COLUMN "language_certificate_url" DROP NOT NULL;ALTER TABLE "students" ALTER COLUMN "language_certificate_url" DROP DEFAULT;ALTER TABLE "students" ALTER COLUMN "language_certificate_url" TYPE VARCHAR(255);
Executing (default): ALTER TABLE "students" ALTER COLUMN "date_of_birth" DROP NOT NULL;ALTER TABLE "students" ALTER COLUMN "date_of_birth" DROP DEFAULT;ALTER TABLE "students" ALTER COLUMN "date_of_birth" TYPE DATE;
Executing (default): ALTER TABLE "students" ALTER COLUMN "nationality" DROP NOT NULL;ALTER TABLE "students" ALTER COLUMN "nationality" DROP DEFAULT;ALTER TABLE "students" ALTER COLUMN "nationality" TYPE VARCHAR(255);
Executing (default): ALTER TABLE "students" ALTER COLUMN "country_of_residence" DROP NOT NULL;ALTER TABLE "students" ALTER COLUMN "country_of_residence" DROP DEFAULT;ALTER TABLE "students" ALTER COLUMN "country_of_residence" TYPE VARCHAR(255);
Executing (default): ALTER TABLE "students" ALTER COLUMN "city" DROP NOT NULL;ALTER TABLE "students" ALTER COLUMN "city" DROP DEFAULT;ALTER TABLE "students" ALTER COLUMN "city" TYPE VARCHAR(255);
Executing (default): ALTER TABLE "students" ALTER COLUMN "phone_number" DROP NOT NULL;ALTER TABLE "students" ALTER COLUMN "phone_number" DROP DEFAULT;ALTER TABLE "students" ALTER COLUMN "phone_number" TYPE VARCHAR(255);
Executing (default): ALTER TABLE "students" ALTER COLUMN "field_of_study" DROP NOT NULL;ALTER TABLE "students" ALTER COLUMN "field_of_study" DROP DEFAULT;ALTER TABLE "students" ALTER COLUMN "field_of_study" TYPE TEXT;
Executing (default): ALTER TABLE "students" ALTER COLUMN "current_university" DROP NOT NULL;ALTER TABLE "students" ALTER COLUMN "current_university" DROP DEFAULT;ALTER TABLE "students" ALTER COLUMN "current_university" TYPE VARCHAR(255);
Executing (default): ALTER TABLE "students" ALTER COLUMN "graduation_year" DROP NOT NULL;ALTER TABLE "students" ALTER COLUMN "graduation_year" DROP DEFAULT;ALTER TABLE "students" ALTER COLUMN "graduation_year" TYPE INTEGER;
Executing (default): ALTER TABLE "students" ALTER COLUMN "degree_seeking" DROP NOT NULL;ALTER TABLE "students" ALTER COLUMN "degree_seeking" DROP DEFAULT;ALTER TABLE "students" ALTER COLUMN "degree_seeking" TYPE VARCHAR(255);
Executing (default): ALTER TABLE "students" ALTER COLUMN "preferred_degree_level" DROP NOT NULL;ALTER TABLE "students" ALTER COLUMN "preferred_degree_level" DROP DEFAULT;ALTER TABLE "students" ALTER COLUMN "preferred_degree_level" TYPE TEXT;
Executing (default): ALTER TABLE "students" ALTER COLUMN "study_mode" DROP NOT NULL;ALTER TABLE "students" ALTER COLUMN "study_mode" DROP DEFAULT;ALTER TABLE "students" ALTER COLUMN "study_mode" TYPE VARCHAR(255);
Executing (default): ALTER TABLE "students" ALTER COLUMN "preferred_countries" DROP NOT NULL;ALTER TABLE "students" ALTER COLUMN "preferred_countries" DROP DEFAULT;ALTER TABLE "students" ALTER COLUMN "preferred_countries" TYPE TEXT;
Executing (default): ALTER TABLE "students" ALTER COLUMN "preferred_universities" DROP NOT NULL;ALTER TABLE "students" ALTER COLUMN "preferred_universities" DROP DEFAULT;ALTER TABLE "students" ALTER COLUMN "preferred_universities" TYPE TEXT;
Executing (default): ALTER TABLE "students" ALTER COLUMN "language_test_type" DROP NOT NULL;ALTER TABLE "students" ALTER COLUMN "language_test_type" DROP DEFAULT;ALTER TABLE "students" ALTER COLUMN "language_test_type" TYPE VARCHAR(255);
Executing (default): ALTER TABLE "students" ALTER COLUMN "language_score" DROP NOT NULL;ALTER TABLE "students" ALTER COLUMN "language_score" DROP DEFAULT;ALTER TABLE "students" ALTER COLUMN "language_score" TYPE VARCHAR(255);
Executing (default): ALTER TABLE "students" ALTER COLUMN "needs_financial_support" DROP NOT NULL;ALTER TABLE "students" ALTER COLUMN "needs_financial_support" DROP DEFAULT;ALTER TABLE "students" ALTER COLUMN "needs_financial_support" TYPE BOOLEAN;
Executing (default): ALTER TABLE "students" ALTER COLUMN "family_income_range" DROP NOT NULL;ALTER TABLE "students" ALTER COLUMN "family_income_range" DROP DEFAULT;ALTER TABLE "students" ALTER COLUMN "family_income_range" TYPE VARCHAR(255);
Executing (default): ALTER TABLE "students" ALTER COLUMN "research_area" DROP NOT NULL;ALTER TABLE "students" ALTER COLUMN "research_area" DROP DEFAULT;ALTER TABLE "students" ALTER COLUMN "research_area" TYPE VARCHAR(255);
Executing (default): ALTER TABLE "students" ALTER COLUMN "proposed_research_topic" DROP NOT NULL;ALTER TABLE "students" ALTER COLUMN "proposed_research_topic" DROP DEFAULT;ALTER TABLE "students" ALTER COLUMN "proposed_research_topic" TYPE TEXT;
Executing (default): ALTER TABLE "students" ALTER COLUMN "notification_preferences" DROP NOT NULL;ALTER TABLE "students" ALTER COLUMN "notification_preferences" DROP DEFAULT;ALTER TABLE "students" ALTER COLUMN "notification_preferences" TYPE TEXT;
Executing (default): ALTER TABLE "students" ALTER COLUMN "embedding" DROP NOT NULL;ALTER TABLE "students" ALTER COLUMN "embedding" DROP DEFAULT;ALTER TABLE "students" ALTER COLUMN "embedding" TYPE VECTOR(3072);
Executing (default): SELECT i.relname AS name, ix.indisprimary AS primary, ix.indisunique AS unique, ix.indkey AS indkey, array_agg(a.attnum) as column_indexes, array_agg(a.attname) AS column_names, pg_get_indexdef(ix.indexrelid) AS definition FROM pg_class t, pg_class i, pg_index ix, pg_attribute a WHERE t.oid = ix.indrelid AND i.oid = ix.indexrelid AND a.attrelid = t.oid AND t.relkind = 'r' and t.relname = 'students' GROUP BY i.relname, ix.indexrelid, ix.indisprimary, ix.indisunique, ix.indkey ORDER BY i.relname;
Executing (default): SELECT table_name FROM information_schema.tables WHERE table_schema = 'public' AND table_name = 'counselors'
Executing (default): SELECT pk.constraint_type as "Constraint",c.column_name as "Field", c.column_default as "Default",c.is_nullable as "Null", (CASE WHEN c.udt_name = 'hstore' THEN c.udt_name ELSE c.data_type END) || (CASE WHEN c.character_maximum_length IS NOT NULL THEN '(' || c.character_maximum_length || ')' ELSE '' END) as "Type", (SELECT array_agg(e.enumlabel) FROM pg_catalog.pg_type t JOIN pg_catalog.pg_enum e ON t.oid=e.enumtypid WHERE t.typname=c.udt_name) AS "special", (SELECT pgd.description FROM pg_catalog.pg_statio_all_tables AS st INNER JOIN pg_catalog.pg_description pgd on (pgd.objoid=st.relid) WHERE c.ordinal_position=pgd.objsubid AND c.table_name=st.relname) AS "Comment" FROM information_schema.columns c LEFT JOIN (SELECT tc.table_schema, tc.table_name, cu.column_name, tc.constraint_type FROM information_schema.TABLE_CONSTRAINTS tc JOIN information_schema.KEY_COLUMN_USAGE  cu ON tc.table_schema=cu.table_schema and tc.table_name=cu.table_name and tc.constraint_name=cu.constraint_name and tc.constraint_type='PRIMARY KEY') pk ON pk.table_schema=c.table_schema AND pk.table_name=c.table_name AND pk.column_name=c.column_name WHERE c.table_name = 'counselors' AND c.table_schema = 'public'
Executing (default): SELECT DISTINCT tc.constraint_name as constraint_name, tc.constraint_schema as constraint_schema, tc.constraint_catalog as constraint_catalog, tc.table_name as table_name,tc.table_schema as table_schema,tc.table_catalog as table_catalog,tc.initially_deferred as initially_deferred,tc.is_deferrable as is_deferrable,kcu.column_name as column_name,ccu.table_schema  AS referenced_table_schema,ccu.table_catalog  AS referenced_table_catalog,ccu.table_name  AS referenced_table_name,ccu.column_name AS referenced_column_name FROM information_schema.table_constraints AS tc JOIN information_schema.key_column_usage AS kcu ON tc.constraint_name = kcu.constraint_name JOIN information_schema.constraint_column_usage AS ccu ON ccu.constraint_name = tc.constraint_name WHERE constraint_type = 'FOREIGN KEY' AND tc.table_name = 'counselors' AND tc.table_catalog = 'EAP'
Executing (default): ALTER TABLE "counselors" DROP CONSTRAINT "counselors_user_id_fkey"
Executing (default): ALTER TABLE "counselors" ALTER COLUMN "user_id" SET NOT NULL;ALTER TABLE "counselors"  ADD FOREIGN KEY ("user_id") REFERENCES "users" ("id") ON DELETE CASCADE ON UPDATE CASCADE;
Executing (default): ALTER TABLE "counselors" ALTER COLUMN "bio" DROP NOT NULL;ALTER TABLE "counselors" ALTER COLUMN "bio" DROP DEFAULT;ALTER TABLE "counselors" ALTER COLUMN "bio" TYPE TEXT;
Executing (default): ALTER TABLE "counselors" ALTER COLUMN "areas_of_expertise" DROP NOT NULL;ALTER TABLE "counselors" ALTER COLUMN "areas_of_expertise" DROP DEFAULT;ALTER TABLE "counselors" ALTER COLUMN "areas_of_expertise" TYPE TEXT;
Executing (default): ALTER TABLE "counselors" ALTER COLUMN "years_of_experience" DROP NOT NULL;ALTER TABLE "counselors" ALTER COLUMN "years_of_experience" DROP DEFAULT;ALTER TABLE "counselors" ALTER COLUMN "years_of_experience" TYPE INTEGER;
Executing (default): ALTER TABLE "counselors" ALTER COLUMN "verification_status" SET NOT NULL;ALTER TABLE "counselors" ALTER COLUMN "verification_status" SET DEFAULT 'pending';ALTER TABLE "counselors" ALTER COLUMN "verification_status" TYPE VARCHAR(20);
Executing (default): ALTER TABLE "counselors" ALTER COLUMN "created_at" DROP NOT NULL;ALTER TABLE "counselors" ALTER COLUMN "created_at" DROP DEFAULT;ALTER TABLE "counselors" ALTER COLUMN "created_at" TYPE TIMESTAMP WITH TIME ZONE;
Executing (default): ALTER TABLE "counselors" ALTER COLUMN "updated_at" DROP NOT NULL;ALTER TABLE "counselors" ALTER COLUMN "updated_at" DROP DEFAULT;ALTER TABLE "counselors" ALTER COLUMN "updated_at" TYPE TIMESTAMP WITH TIME ZONE;
Executing (default): ALTER TABLE "counselors" ALTER COLUMN "extracted_data" DROP NOT NULL;ALTER TABLE "counselors" ALTER COLUMN "extracted_data" DROP DEFAULT;ALTER TABLE "counselors" ALTER COLUMN "extracted_data" TYPE TEXT;
Executing (default): ALTER TABLE "counselors" ALTER COLUMN "id_match_confidence" DROP NOT NULL;ALTER TABLE "counselors" ALTER COLUMN "id_match_confidence" DROP DEFAULT;ALTER TABLE "counselors" ALTER COLUMN "id_match_confidence" TYPE DECIMAL(3,2);
Executing (default): ALTER TABLE "counselors" ALTER COLUMN "identity_verified" SET NOT NULL;ALTER TABLE "counselors" ALTER COLUMN "identity_verified" SET DEFAULT false;ALTER TABLE "counselors" ALTER COLUMN "identity_verified" TYPE BOOLEAN;
Executing (default): ALTER TABLE "counselors" ALTER COLUMN "is_onboarded" SET NOT NULL;ALTER TABLE "counselors" ALTER COLUMN "is_onboarded" SET DEFAULT false;ALTER TABLE "counselors" ALTER COLUMN "is_onboarded" TYPE BOOLEAN;
Executing (default): ALTER TABLE "counselors" ALTER COLUMN "document_url" DROP NOT NULL;ALTER TABLE "counselors" ALTER COLUMN "document_url" DROP DEFAULT;ALTER TABLE "counselors" ALTER COLUMN "document_url" TYPE VARCHAR(255);
Executing (default): ALTER TABLE "counselors" ALTER COLUMN "id_card_url" DROP NOT NULL;ALTER TABLE "counselors" ALTER COLUMN "id_card_url" DROP DEFAULT;ALTER TABLE "counselors" ALTER COLUMN "id_card_url" TYPE VARCHAR(255);
Executing (default): ALTER TABLE "counselors" ALTER COLUMN "selfie_url" DROP NOT NULL;ALTER TABLE "counselors" ALTER COLUMN "selfie_url" DROP DEFAULT;ALTER TABLE "counselors" ALTER COLUMN "selfie_url" TYPE VARCHAR(255);
Executing (default): ALTER TABLE "counselors" ALTER COLUMN "is_active" SET NOT NULL;ALTER TABLE "counselors" ALTER COLUMN "is_active" SET DEFAULT true;ALTER TABLE "counselors" ALTER COLUMN "is_active" TYPE BOOLEAN;
Executing (default): ALTER TABLE "counselors" ALTER COLUMN "rating" DROP NOT NULL;ALTER TABLE "counselors" ALTER COLUMN "rating" SET DEFAULT 0;ALTER TABLE "counselors" ALTER COLUMN "rating" TYPE DECIMAL(3,2);
Executing (default): ALTER TABLE "counselors" ALTER COLUMN "total_sessions" DROP NOT NULL;ALTER TABLE "counselors" ALTER COLUMN "total_sessions" SET DEFAULT 0;ALTER TABLE "counselors" ALTER COLUMN "total_sessions" TYPE INTEGER;
Executing (default): ALTER TABLE "counselors" ALTER COLUMN "hourly_rate" DROP NOT NULL;ALTER TABLE "counselors" ALTER COLUMN "hourly_rate" DROP DEFAULT;ALTER TABLE "counselors" ALTER COLUMN "hourly_rate" TYPE DECIMAL(10,2);
Executing (default): ALTER TABLE "counselors" ALTER COLUMN "phone_number" DROP NOT NULL;ALTER TABLE "counselors" ALTER COLUMN "phone_number" DROP DEFAULT;ALTER TABLE "counselors" ALTER COLUMN "phone_number" TYPE VARCHAR(255);
Executing (default): ALTER TABLE "counselors" ALTER COLUMN "country_of_residence" DROP NOT NULL;ALTER TABLE "counselors" ALTER COLUMN "country_of_residence" DROP DEFAULT;ALTER TABLE "counselors" ALTER COLUMN "country_of_residence" TYPE VARCHAR(255);
Executing (default): ALTER TABLE "counselors" ALTER COLUMN "city" DROP NOT NULL;ALTER TABLE "counselors" ALTER COLUMN "city" DROP DEFAULT;ALTER TABLE "counselors" ALTER COLUMN "city" TYPE VARCHAR(255);
Executing (default): ALTER TABLE "counselors" ALTER COLUMN "specialized_countries" DROP NOT NULL;ALTER TABLE "counselors" ALTER COLUMN "specialized_countries" DROP DEFAULT;ALTER TABLE "counselors" ALTER COLUMN "specialized_countries" TYPE TEXT;
Executing (default): ALTER TABLE "counselors" ALTER COLUMN "current_position" DROP NOT NULL;ALTER TABLE "counselors" ALTER COLUMN "current_position" DROP DEFAULT;ALTER TABLE "counselors" ALTER COLUMN "current_position" TYPE VARCHAR(255);
Executing (default): ALTER TABLE "counselors" ALTER COLUMN "organization" DROP NOT NULL;ALTER TABLE "counselors" ALTER COLUMN "organization" DROP DEFAULT;ALTER TABLE "counselors" ALTER COLUMN "organization" TYPE VARCHAR(255);
Executing (default): ALTER TABLE "counselors" ALTER COLUMN "highest_education_level" DROP NOT NULL;ALTER TABLE "counselors" ALTER COLUMN "highest_education_level" DROP DEFAULT;ALTER TABLE "counselors" ALTER COLUMN "highest_education_level" TYPE VARCHAR(255);
Executing (default): ALTER TABLE "counselors" ALTER COLUMN "university_name" DROP NOT NULL;ALTER TABLE "counselors" ALTER COLUMN "university_name" DROP DEFAULT;ALTER TABLE "counselors" ALTER COLUMN "university_name" TYPE VARCHAR(255);
Executing (default): ALTER TABLE "counselors" ALTER COLUMN "study_country" DROP NOT NULL;ALTER TABLE "counselors" ALTER COLUMN "study_country" DROP DEFAULT;ALTER TABLE "counselors" ALTER COLUMN "study_country" TYPE VARCHAR(255);
Executing (default): ALTER TABLE "counselors" ALTER COLUMN "languages" DROP NOT NULL;ALTER TABLE "counselors" ALTER COLUMN "languages" DROP DEFAULT;ALTER TABLE "counselors" ALTER COLUMN "languages" TYPE TEXT;
Executing (default): ALTER TABLE "counselors" ALTER COLUMN "fields_of_study" DROP NOT NULL;ALTER TABLE "counselors" ALTER COLUMN "fields_of_study" DROP DEFAULT;ALTER TABLE "counselors" ALTER COLUMN "fields_of_study" TYPE TEXT;
Executing (default): ALTER TABLE "counselors" ALTER COLUMN "weekly_schedule" DROP NOT NULL;ALTER TABLE "counselors" ALTER COLUMN "weekly_schedule" DROP DEFAULT;ALTER TABLE "counselors" ALTER COLUMN "weekly_schedule" TYPE TEXT;
Executing (default): ALTER TABLE "counselors" ALTER COLUMN "session_duration" DROP NOT NULL;ALTER TABLE "counselors" ALTER COLUMN "session_duration" SET DEFAULT 60;ALTER TABLE "counselors" ALTER COLUMN "session_duration" TYPE INTEGER;
Executing (default): ALTER TABLE "counselors" ALTER COLUMN "consultation_modes" DROP NOT NULL;ALTER TABLE "counselors" ALTER COLUMN "consultation_modes" DROP DEFAULT;ALTER TABLE "counselors" ALTER COLUMN "consultation_modes" TYPE VARCHAR(255);
Executing (default): ALTER TABLE "counselors" ALTER COLUMN "profile_image_url" DROP NOT NULL;ALTER TABLE "counselors" ALTER COLUMN "profile_image_url" DROP DEFAULT;ALTER TABLE "counselors" ALTER COLUMN "profile_image_url" TYPE VARCHAR(255);
Executing (default): ALTER TABLE "counselors" ALTER COLUMN "cv_url" DROP NOT NULL;ALTER TABLE "counselors" ALTER COLUMN "cv_url" DROP DEFAULT;ALTER TABLE "counselors" ALTER COLUMN "cv_url" TYPE VARCHAR(255);
Executing (default): ALTER TABLE "counselors" ALTER COLUMN "certificate_urls" DROP NOT NULL;ALTER TABLE "counselors" ALTER COLUMN "certificate_urls" DROP DEFAULT;ALTER TABLE "counselors" ALTER COLUMN "certificate_urls" TYPE TEXT;
Executing (default): SELECT i.relname AS name, ix.indisprimary AS primary, ix.indisunique AS unique, ix.indkey AS indkey, array_agg(a.attnum) as column_indexes, array_agg(a.attname) AS column_names, pg_get_indexdef(ix.indexrelid) AS definition FROM pg_class t, pg_class i, pg_index ix, pg_attribute a WHERE t.oid = ix.indrelid AND i.oid = ix.indexrelid AND a.attrelid = t.oid AND t.relkind = 'r' and t.relname = 'counselors' GROUP BY i.relname, ix.indexrelid, ix.indisprimary, ix.indisunique, ix.indkey ORDER BY i.relname;
Executing (default): SELECT table_name FROM information_schema.tables WHERE table_schema = 'public' AND table_name = 'availability_slots'
Executing (default): SELECT pk.constraint_type as "Constraint",c.column_name as "Field", c.column_default as "Default",c.is_nullable as "Null", (CASE WHEN c.udt_name = 'hstore' THEN c.udt_name ELSE c.data_type END) || (CASE WHEN c.character_maximum_length IS NOT NULL THEN '(' || c.character_maximum_length || ')' ELSE '' END) as "Type", (SELECT array_agg(e.enumlabel) FROM pg_catalog.pg_type t JOIN pg_catalog.pg_enum e ON t.oid=e.enumtypid WHERE t.typname=c.udt_name) AS "special", (SELECT pgd.description FROM pg_catalog.pg_statio_all_tables AS st INNER JOIN pg_catalog.pg_description pgd on (pgd.objoid=st.relid) WHERE c.ordinal_position=pgd.objsubid AND c.table_name=st.relname) AS "Comment" FROM information_schema.columns c LEFT JOIN (SELECT tc.table_schema, tc.table_name, cu.column_name, tc.constraint_type FROM information_schema.TABLE_CONSTRAINTS tc JOIN information_schema.KEY_COLUMN_USAGE  cu ON tc.table_schema=cu.table_schema and tc.table_name=cu.table_name and tc.constraint_name=cu.constraint_name and tc.constraint_type='PRIMARY KEY') pk ON pk.table_schema=c.table_schema AND pk.table_name=c.table_name AND pk.column_name=c.column_name WHERE c.table_name = 'availability_slots' AND c.table_schema = 'public'
Executing (default): SELECT DISTINCT tc.constraint_name as constraint_name, tc.constraint_schema as constraint_schema, tc.constraint_catalog as constraint_catalog, tc.table_name as table_name,tc.table_schema as table_schema,tc.table_catalog as table_catalog,tc.initially_deferred as initially_deferred,tc.is_deferrable as is_deferrable,kcu.column_name as column_name,ccu.table_schema  AS referenced_table_schema,ccu.table_catalog  AS referenced_table_catalog,ccu.table_name  AS referenced_table_name,ccu.column_name AS referenced_column_name FROM information_schema.table_constraints AS tc JOIN information_schema.key_column_usage AS kcu ON tc.constraint_name = kcu.constraint_name JOIN information_schema.constraint_column_usage AS ccu ON ccu.constraint_name = tc.constraint_name WHERE constraint_type = 'FOREIGN KEY' AND tc.table_name = 'availability_slots' AND tc.table_catalog = 'EAP'
Executing (default): ALTER TABLE "availability_slots" DROP CONSTRAINT "availability_slots_counselor_id_fkey"
Executing (default): ALTER TABLE "availability_slots" ALTER COLUMN "counselor_id" SET NOT NULL;ALTER TABLE "availability_slots"  ADD FOREIGN KEY ("counselor_id") REFERENCES "counselors" ("id") ON DELETE CASCADE ON UPDATE CASCADE;
Executing (default): ALTER TABLE "availability_slots" ALTER COLUMN "start_time" SET NOT NULL;ALTER TABLE "availability_slots" ALTER COLUMN "start_time" DROP DEFAULT;ALTER TABLE "availability_slots" ALTER COLUMN "start_time" TYPE TIMESTAMP WITH TIME ZONE;
Executing (default): ALTER TABLE "availability_slots" ALTER COLUMN "end_time" SET NOT NULL;ALTER TABLE "availability_slots" ALTER COLUMN "end_time" DROP DEFAULT;ALTER TABLE "availability_slots" ALTER COLUMN "end_time" TYPE TIMESTAMP WITH TIME ZONE;
Executing (default): ALTER TABLE "availability_slots" ALTER COLUMN "status" SET NOT NULL;ALTER TABLE "availability_slots" ALTER COLUMN "status" SET DEFAULT 'available';ALTER TABLE "availability_slots" ALTER COLUMN "status" TYPE VARCHAR(20);
Executing (default): ALTER TABLE "availability_slots" ALTER COLUMN "reserved_student_id" DROP NOT NULL;ALTER TABLE "availability_slots" ALTER COLUMN "reserved_student_id" DROP DEFAULT;ALTER TABLE "availability_slots" ALTER COLUMN "reserved_student_id" TYPE INTEGER;
Executing (default): ALTER TABLE "availability_slots" ALTER COLUMN "meeting_link" DROP NOT NULL;ALTER TABLE "availability_slots" ALTER COLUMN "meeting_link" DROP DEFAULT;ALTER TABLE "availability_slots" ALTER COLUMN "meeting_link" TYPE VARCHAR(500);
Executing (default): ALTER TABLE "availability_slots" ALTER COLUMN "created_at" DROP NOT NULL;ALTER TABLE "availability_slots" ALTER COLUMN "created_at" DROP DEFAULT;ALTER TABLE "availability_slots" ALTER COLUMN "created_at" TYPE TIMESTAMP WITH TIME ZONE;
Executing (default): ALTER TABLE "availability_slots" ALTER COLUMN "updated_at" DROP NOT NULL;ALTER TABLE "availability_slots" ALTER COLUMN "updated_at" DROP DEFAULT;ALTER TABLE "availability_slots" ALTER COLUMN "updated_at" TYPE TIMESTAMP WITH TIME ZONE;
Executing (default): SELECT i.relname AS name, ix.indisprimary AS primary, ix.indisunique AS unique, ix.indkey AS indkey, array_agg(a.attnum) as column_indexes, array_agg(a.attname) AS column_names, pg_get_indexdef(ix.indexrelid) AS definition FROM pg_class t, pg_class i, pg_index ix, pg_attribute a WHERE t.oid = ix.indrelid AND i.oid = ix.indexrelid AND a.attrelid = t.oid AND t.relkind = 'r' and t.relname = 'availability_slots' GROUP BY i.relname, ix.indexrelid, ix.indisprimary, ix.indisunique, ix.indkey ORDER BY i.relname;
Executing (default): SELECT table_name FROM information_schema.tables WHERE table_schema = 'public' AND table_name = 'bookings'
Executing (default): SELECT pk.constraint_type as "Constraint",c.column_name as "Field", c.column_default as "Default",c.is_nullable as "Null", (CASE WHEN c.udt_name = 'hstore' THEN c.udt_name ELSE c.data_type END) || (CASE WHEN c.character_maximum_length IS NOT NULL THEN '(' || c.character_maximum_length || ')' ELSE '' END) as "Type", (SELECT array_agg(e.enumlabel) FROM pg_catalog.pg_type t JOIN pg_catalog.pg_enum e ON t.oid=e.enumtypid WHERE t.typname=c.udt_name) AS "special", (SELECT pgd.description FROM pg_catalog.pg_statio_all_tables AS st INNER JOIN pg_catalog.pg_description pgd on (pgd.objoid=st.relid) WHERE c.ordinal_position=pgd.objsubid AND c.table_name=st.relname) AS "Comment" FROM information_schema.columns c LEFT JOIN (SELECT tc.table_schema, tc.table_name, cu.column_name, tc.constraint_type FROM information_schema.TABLE_CONSTRAINTS tc JOIN information_schema.KEY_COLUMN_USAGE  cu ON tc.table_schema=cu.table_schema and tc.table_name=cu.table_name and tc.constraint_name=cu.constraint_name and tc.constraint_type='PRIMARY KEY') pk ON pk.table_schema=c.table_schema AND pk.table_name=c.table_name AND pk.column_name=c.column_name WHERE c.table_name = 'bookings' AND c.table_schema = 'public'
Executing (default): SELECT DISTINCT tc.constraint_name as constraint_name, tc.constraint_schema as constraint_schema, tc.constraint_catalog as constraint_catalog, tc.table_name as table_name,tc.table_schema as table_schema,tc.table_catalog as table_catalog,tc.initially_deferred as initially_deferred,tc.is_deferrable as is_deferrable,kcu.column_name as column_name,ccu.table_schema  AS referenced_table_schema,ccu.table_catalog  AS referenced_table_catalog,ccu.table_name  AS referenced_table_name,ccu.column_name AS referenced_column_name FROM information_schema.table_constraints AS tc JOIN information_schema.key_column_usage AS kcu ON tc.constraint_name = kcu.constraint_name JOIN information_schema.constraint_column_usage AS ccu ON ccu.constraint_name = tc.constraint_name WHERE constraint_type = 'FOREIGN KEY' AND tc.table_name = 'bookings' AND tc.table_catalog = 'EAP'
Executing (default): ALTER TABLE "bookings" DROP CONSTRAINT "bookings_student_id_fkey"
Executing (default): ALTER TABLE "bookings" ALTER COLUMN "student_id" SET NOT NULL;ALTER TABLE "bookings"  ADD FOREIGN KEY ("student_id") REFERENCES "students" ("id") ON DELETE CASCADE ON UPDATE CASCADE;
Executing (default): ALTER TABLE "bookings" DROP CONSTRAINT "bookings_counselor_id_fkey"
Executing (default): ALTER TABLE "bookings" ALTER COLUMN "counselor_id" SET NOT NULL;ALTER TABLE "bookings"  ADD FOREIGN KEY ("counselor_id") REFERENCES "counselors" ("id") ON DELETE CASCADE ON UPDATE CASCADE;
Executing (default): ALTER TABLE "bookings" DROP CONSTRAINT "bookings_slot_id_fkey"
Executing (default): ALTER TABLE "bookings" ALTER COLUMN "slot_id" SET NOT NULL;ALTER TABLE "bookings"  ADD FOREIGN KEY ("slot_id") REFERENCES "availability_slots" ("id") ON DELETE NO ACTION ON UPDATE CASCADE;
Executing (default): ALTER TABLE "bookings" ALTER COLUMN "payment_id" DROP NOT NULL;ALTER TABLE "bookings" ALTER COLUMN "payment_id" DROP DEFAULT;ALTER TABLE "bookings" ALTER COLUMN "payment_id" TYPE INTEGER;
Executing (default): ALTER TABLE "bookings" ALTER COLUMN "status" SET NOT NULL;ALTER TABLE "bookings" ALTER COLUMN "status" SET DEFAULT 'pending';ALTER TABLE "bookings" ALTER COLUMN "status" TYPE VARCHAR(20);
Executing (default): ALTER TABLE "bookings" ALTER COLUMN "meeting_link" DROP NOT NULL;ALTER TABLE "bookings" ALTER COLUMN "meeting_link" DROP DEFAULT;ALTER TABLE "bookings" ALTER COLUMN "meeting_link" TYPE VARCHAR(500);
Executing (default): ALTER TABLE "bookings" ALTER COLUMN "started_at" DROP NOT NULL;ALTER TABLE "bookings" ALTER COLUMN "started_at" DROP DEFAULT;ALTER TABLE "bookings" ALTER COLUMN "started_at" TYPE TIMESTAMP WITH TIME ZONE;
Executing (default): ALTER TABLE "bookings" ALTER COLUMN "completed_at" DROP NOT NULL;ALTER TABLE "bookings" ALTER COLUMN "completed_at" DROP DEFAULT;ALTER TABLE "bookings" ALTER COLUMN "completed_at" TYPE TIMESTAMP WITH TIME ZONE;
Executing (default): ALTER TABLE "bookings" ALTER COLUMN "notes" DROP NOT NULL;ALTER TABLE "bookings" ALTER COLUMN "notes" DROP DEFAULT;ALTER TABLE "bookings" ALTER COLUMN "notes" TYPE TEXT;
Executing (default): ALTER TABLE "bookings" ALTER COLUMN "created_at" DROP NOT NULL;ALTER TABLE "bookings" ALTER COLUMN "created_at" DROP DEFAULT;ALTER TABLE "bookings" ALTER COLUMN "created_at" TYPE TIMESTAMP WITH TIME ZONE;
Executing (default): ALTER TABLE "bookings" ALTER COLUMN "updated_at" DROP NOT NULL;ALTER TABLE "bookings" ALTER COLUMN "updated_at" DROP DEFAULT;ALTER TABLE "bookings" ALTER COLUMN "updated_at" TYPE TIMESTAMP WITH TIME ZONE;
Executing (default): SELECT i.relname AS name, ix.indisprimary AS primary, ix.indisunique AS unique, ix.indkey AS indkey, array_agg(a.attnum) as column_indexes, array_agg(a.attname) AS column_names, pg_get_indexdef(ix.indexrelid) AS definition FROM pg_class t, pg_class i, pg_index ix, pg_attribute a WHERE t.oid = ix.indrelid AND i.oid = ix.indexrelid AND a.attrelid = t.oid AND t.relkind = 'r' and t.relname = 'bookings' GROUP BY i.relname, ix.indexrelid, ix.indisprimary, ix.indisunique, ix.indkey ORDER BY i.relname;
Executing (default): SELECT table_name FROM information_schema.tables WHERE table_schema = 'public' AND table_name = 'counselor_reviews'
Executing (default): SELECT pk.constraint_type as "Constraint",c.column_name as "Field", c.column_default as "Default",c.is_nullable as "Null", (CASE WHEN c.udt_name = 'hstore' THEN c.udt_name ELSE c.data_type END) || (CASE WHEN c.character_maximum_length IS NOT NULL THEN '(' || c.character_maximum_length || ')' ELSE '' END) as "Type", (SELECT array_agg(e.enumlabel) FROM pg_catalog.pg_type t JOIN pg_catalog.pg_enum e ON t.oid=e.enumtypid WHERE t.typname=c.udt_name) AS "special", (SELECT pgd.description FROM pg_catalog.pg_statio_all_tables AS st INNER JOIN pg_catalog.pg_description pgd on (pgd.objoid=st.relid) WHERE c.ordinal_position=pgd.objsubid AND c.table_name=st.relname) AS "Comment" FROM information_schema.columns c LEFT JOIN (SELECT tc.table_schema, tc.table_name, cu.column_name, tc.constraint_type FROM information_schema.TABLE_CONSTRAINTS tc JOIN information_schema.KEY_COLUMN_USAGE  cu ON tc.table_schema=cu.table_schema and tc.table_name=cu.table_name and tc.constraint_name=cu.constraint_name and tc.constraint_type='PRIMARY KEY') pk ON pk.table_schema=c.table_schema AND pk.table_name=c.table_name AND pk.column_name=c.column_name WHERE c.table_name = 'counselor_reviews' AND c.table_schema = 'public'
Executing (default): SELECT DISTINCT tc.constraint_name as constraint_name, tc.constraint_schema as constraint_schema, tc.constraint_catalog as constraint_catalog, tc.table_name as table_name,tc.table_schema as table_schema,tc.table_catalog as table_catalog,tc.initially_deferred as initially_deferred,tc.is_deferrable as is_deferrable,kcu.column_name as column_name,ccu.table_schema  AS referenced_table_schema,ccu.table_catalog  AS referenced_table_catalog,ccu.table_name  AS referenced_table_name,ccu.column_name AS referenced_column_name FROM information_schema.table_constraints AS tc JOIN information_schema.key_column_usage AS kcu ON tc.constraint_name = kcu.constraint_name JOIN information_schema.constraint_column_usage AS ccu ON ccu.constraint_name = tc.constraint_name WHERE constraint_type = 'FOREIGN KEY' AND tc.table_name = 'counselor_reviews' AND tc.table_catalog = 'EAP'
Executing (default): ALTER TABLE "counselor_reviews" ALTER COLUMN "booking_id" SET NOT NULL;ALTER TABLE "counselor_reviews" ALTER COLUMN "booking_id" DROP DEFAULT;ALTER TABLE "counselor_reviews" ALTER COLUMN "booking_id" TYPE INTEGER;
Executing (default): ALTER TABLE "counselor_reviews" DROP CONSTRAINT "counselor_reviews_student_id_fkey"
Executing (default): ALTER TABLE "counselor_reviews" ALTER COLUMN "student_id" SET NOT NULL;ALTER TABLE "counselor_reviews"  ADD FOREIGN KEY ("student_id") REFERENCES "students" ("id") ON DELETE NO ACTION ON UPDATE CASCADE;
Executing (default): ALTER TABLE "counselor_reviews" DROP CONSTRAINT "counselor_reviews_counselor_id_fkey"
Executing (default): ALTER TABLE "counselor_reviews" ALTER COLUMN "counselor_id" SET NOT NULL;ALTER TABLE "counselor_reviews"  ADD FOREIGN KEY ("counselor_id") REFERENCES "counselors" ("id") ON DELETE CASCADE ON UPDATE CASCADE;
Executing (default): ALTER TABLE "counselor_reviews" ALTER COLUMN "rating" SET NOT NULL;ALTER TABLE "counselor_reviews" ALTER COLUMN "rating" DROP DEFAULT;ALTER TABLE "counselor_reviews" ALTER COLUMN "rating" TYPE INTEGER;
Executing (default): ALTER TABLE "counselor_reviews" ALTER COLUMN "comment" DROP NOT NULL;ALTER TABLE "counselor_reviews" ALTER COLUMN "comment" DROP DEFAULT;ALTER TABLE "counselor_reviews" ALTER COLUMN "comment" TYPE TEXT;
Executing (default): ALTER TABLE "counselor_reviews" ALTER COLUMN "created_at" DROP NOT NULL;ALTER TABLE "counselor_reviews" ALTER COLUMN "created_at" DROP DEFAULT;ALTER TABLE "counselor_reviews" ALTER COLUMN "created_at" TYPE TIMESTAMP WITH TIME ZONE;
Executing (default): ALTER TABLE "counselor_reviews" ALTER COLUMN "updated_at" DROP NOT NULL;ALTER TABLE "counselor_reviews" ALTER COLUMN "updated_at" DROP DEFAULT;ALTER TABLE "counselor_reviews" ALTER COLUMN "updated_at" TYPE TIMESTAMP WITH TIME ZONE;
Executing (default): SELECT i.relname AS name, ix.indisprimary AS primary, ix.indisunique AS unique, ix.indkey AS indkey, array_agg(a.attnum) as column_indexes, array_agg(a.attname) AS column_names, pg_get_indexdef(ix.indexrelid) AS definition FROM pg_class t, pg_class i, pg_index ix, pg_attribute a WHERE t.oid = ix.indrelid AND i.oid = ix.indexrelid AND a.attrelid = t.oid AND t.relkind = 'r' and t.relname = 'counselor_reviews' GROUP BY i.relname, ix.indexrelid, ix.indisprimary, ix.indisunique, ix.indkey ORDER BY i.relname;
Executing (default): SELECT table_name FROM information_schema.tables WHERE table_schema = 'public' AND table_name = 'documents'
Executing (default): SELECT pk.constraint_type as "Constraint",c.column_name as "Field", c.column_default as "Default",c.is_nullable as "Null", (CASE WHEN c.udt_name = 'hstore' THEN c.udt_name ELSE c.data_type END) || (CASE WHEN c.character_maximum_length IS NOT NULL THEN '(' || c.character_maximum_length || ')' ELSE '' END) as "Type", (SELECT array_agg(e.enumlabel) FROM pg_catalog.pg_type t JOIN pg_catalog.pg_enum e ON t.oid=e.enumtypid WHERE t.typname=c.udt_name) AS "special", (SELECT pgd.description FROM pg_catalog.pg_statio_all_tables AS st INNER JOIN pg_catalog.pg_description pgd on (pgd.objoid=st.relid) WHERE c.ordinal_position=pgd.objsubid AND c.table_name=st.relname) AS "Comment" FROM information_schema.columns c LEFT JOIN (SELECT tc.table_schema, tc.table_name, cu.column_name, tc.constraint_type FROM information_schema.TABLE_CONSTRAINTS tc JOIN information_schema.KEY_COLUMN_USAGE  cu ON tc.table_schema=cu.table_schema and tc.table_name=cu.table_name and tc.constraint_name=cu.constraint_name and tc.constraint_type='PRIMARY KEY') pk ON pk.table_schema=c.table_schema AND pk.table_name=c.table_name AND pk.column_name=c.column_name WHERE c.table_name = 'documents' AND c.table_schema = 'public'
Executing (default): SELECT DISTINCT tc.constraint_name as constraint_name, tc.constraint_schema as constraint_schema, tc.constraint_catalog as constraint_catalog, tc.table_name as table_name,tc.table_schema as table_schema,tc.table_catalog as table_catalog,tc.initially_deferred as initially_deferred,tc.is_deferrable as is_deferrable,kcu.column_name as column_name,ccu.table_schema  AS referenced_table_schema,ccu.table_catalog  AS referenced_table_catalog,ccu.table_name  AS referenced_table_name,ccu.column_name AS referenced_column_name FROM information_schema.table_constraints AS tc JOIN information_schema.key_column_usage AS kcu ON tc.constraint_name = kcu.constraint_name JOIN information_schema.constraint_column_usage AS ccu ON ccu.constraint_name = tc.constraint_name WHERE constraint_type = 'FOREIGN KEY' AND tc.table_name = 'documents' AND tc.table_catalog = 'EAP'
Executing (default): ALTER TABLE "documents" DROP CONSTRAINT "documents_student_id_fkey"
Executing (default): ALTER TABLE "documents" ALTER COLUMN "student_id" SET NOT NULL;ALTER TABLE "documents"  ADD FOREIGN KEY ("student_id") REFERENCES "students" ("id") ON DELETE CASCADE ON UPDATE CASCADE;
Executing (default): ALTER TABLE "documents" DROP CONSTRAINT "documents_counselor_id_fkey"
Executing (default): ALTER TABLE "documents"  ADD FOREIGN KEY ("counselor_id") REFERENCES "counselors" ("id") ON DELETE CASCADE ON UPDATE CASCADE;
Executing (default): ALTER TABLE "documents" ALTER COLUMN "document_type" SET NOT NULL;ALTER TABLE "documents" ALTER COLUMN "document_type" DROP DEFAULT;ALTER TABLE "documents" ALTER COLUMN "document_type" TYPE VARCHAR(50);
Executing (default): ALTER TABLE "documents" ALTER COLUMN "file_url" DROP NOT NULL;ALTER TABLE "documents" ALTER COLUMN "file_url" DROP DEFAULT;ALTER TABLE "documents" ALTER COLUMN "file_url" TYPE VARCHAR(500);
Executing (default): ALTER TABLE "documents" ALTER COLUMN "counselor_feedback" DROP NOT NULL;ALTER TABLE "documents" ALTER COLUMN "counselor_feedback" DROP DEFAULT;ALTER TABLE "documents" ALTER COLUMN "counselor_feedback" TYPE TEXT;
Executing (default): ALTER TABLE "documents" ALTER COLUMN "created_at" DROP NOT NULL;ALTER TABLE "documents" ALTER COLUMN "created_at" DROP DEFAULT;ALTER TABLE "documents" ALTER COLUMN "created_at" TYPE TIMESTAMP WITH TIME ZONE;
Executing (default): ALTER TABLE "documents" ALTER COLUMN "updated_at" DROP NOT NULL;ALTER TABLE "documents" ALTER COLUMN "updated_at" DROP DEFAULT;ALTER TABLE "documents" ALTER COLUMN "updated_at" TYPE TIMESTAMP WITH TIME ZONE;
Executing (default): SELECT i.relname AS name, ix.indisprimary AS primary, ix.indisunique AS unique, ix.indkey AS indkey, array_agg(a.attnum) as column_indexes, array_agg(a.attname) AS column_names, pg_get_indexdef(ix.indexrelid) AS definition FROM pg_class t, pg_class i, pg_index ix, pg_attribute a WHERE t.oid = ix.indrelid AND i.oid = ix.indexrelid AND a.attrelid = t.oid AND t.relkind = 'r' and t.relname = 'documents' GROUP BY i.relname, ix.indexrelid, ix.indisprimary, ix.indisunique, ix.indkey ORDER BY i.relname;
Executing (default): SELECT table_name FROM information_schema.tables WHERE table_schema = 'public' AND table_name = 'counselor_messages'
Executing (default): SELECT pk.constraint_type as "Constraint",c.column_name as "Field", c.column_default as "Default",c.is_nullable as "Null", (CASE WHEN c.udt_name = 'hstore' THEN c.udt_name ELSE c.data_type END) || (CASE WHEN c.character_maximum_length IS NOT NULL THEN '(' || c.character_maximum_length || ')' ELSE '' END) as "Type", (SELECT array_agg(e.enumlabel) FROM pg_catalog.pg_type t JOIN pg_catalog.pg_enum e ON t.oid=e.enumtypid WHERE t.typname=c.udt_name) AS "special", (SELECT pgd.description FROM pg_catalog.pg_statio_all_tables AS st INNER JOIN pg_catalog.pg_description pgd on (pgd.objoid=st.relid) WHERE c.ordinal_position=pgd.objsubid AND c.table_name=st.relname) AS "Comment" FROM information_schema.columns c LEFT JOIN (SELECT tc.table_schema, tc.table_name, cu.column_name, tc.constraint_type FROM information_schema.TABLE_CONSTRAINTS tc JOIN information_schema.KEY_COLUMN_USAGE  cu ON tc.table_schema=cu.table_schema and tc.table_name=cu.table_name and tc.constraint_name=cu.constraint_name and tc.constraint_type='PRIMARY KEY') pk ON pk.table_schema=c.table_schema AND pk.table_name=c.table_name AND pk.column_name=c.column_name WHERE c.table_name = 'counselor_messages' AND c.table_schema = 'public'
Executing (default): SELECT DISTINCT tc.constraint_name as constraint_name, tc.constraint_schema as constraint_schema, tc.constraint_catalog as constraint_catalog, tc.table_name as table_name,tc.table_schema as table_schema,tc.table_catalog as table_catalog,tc.initially_deferred as initially_deferred,tc.is_deferrable as is_deferrable,kcu.column_name as column_name,ccu.table_schema  AS referenced_table_schema,ccu.table_catalog  AS referenced_table_catalog,ccu.table_name  AS referenced_table_name,ccu.column_name AS referenced_column_name FROM information_schema.table_constraints AS tc JOIN information_schema.key_column_usage AS kcu ON tc.constraint_name = kcu.constraint_name JOIN information_schema.constraint_column_usage AS ccu ON ccu.constraint_name = tc.constraint_name WHERE constraint_type = 'FOREIGN KEY' AND tc.table_name = 'counselor_messages' AND tc.table_catalog = 'EAP'
Executing (default): ALTER TABLE "counselor_messages" DROP CONSTRAINT "counselor_messages_recipient_user_id_fkey"
Executing (default): ALTER TABLE "counselor_messages" DROP CONSTRAINT "counselor_messages_sender_user_id_fkey"
Executing (default): ALTER TABLE "counselor_messages" ALTER COLUMN "sender_user_id" SET NOT NULL;ALTER TABLE "counselor_messages"  ADD FOREIGN KEY ("sender_user_id") REFERENCES "users" ("id") ON DELETE CASCADE ON UPDATE CASCADE;
Executing (default): ALTER TABLE "counselor_messages" ALTER COLUMN "recipient_user_id" SET NOT NULL;ALTER TABLE "counselor_messages"  ADD FOREIGN KEY ("recipient_user_id") REFERENCES "users" ("id") ON DELETE CASCADE ON UPDATE CASCADE;
Executing (default): ALTER TABLE "counselor_messages" ALTER COLUMN "body" SET NOT NULL;ALTER TABLE "counselor_messages" ALTER COLUMN "body" DROP DEFAULT;ALTER TABLE "counselor_messages" ALTER COLUMN "body" TYPE TEXT;
Executing (default): ALTER TABLE "counselor_messages" ALTER COLUMN "created_at" DROP NOT NULL;ALTER TABLE "counselor_messages" ALTER COLUMN "created_at" DROP DEFAULT;ALTER TABLE "counselor_messages" ALTER COLUMN "created_at" TYPE TIMESTAMP WITH TIME ZONE;
Executing (default): ALTER TABLE "counselor_messages" ALTER COLUMN "updated_at" DROP NOT NULL;ALTER TABLE "counselor_messages" ALTER COLUMN "updated_at" DROP DEFAULT;ALTER TABLE "counselor_messages" ALTER COLUMN "updated_at" TYPE TIMESTAMP WITH TIME ZONE;
Executing (default): SELECT i.relname AS name, ix.indisprimary AS primary, ix.indisunique AS unique, ix.indkey AS indkey, array_agg(a.attnum) as column_indexes, array_agg(a.attname) AS column_names, pg_get_indexdef(ix.indexrelid) AS definition FROM pg_class t, pg_class i, pg_index ix, pg_attribute a WHERE t.oid = ix.indrelid AND i.oid = ix.indexrelid AND a.attrelid = t.oid AND t.relkind = 'r' and t.relname = 'counselor_messages' GROUP BY i.relname, ix.indexrelid, ix.indisprimary, ix.indisunique, ix.indkey ORDER BY i.relname;
Executing (default): SELECT table_name FROM information_schema.tables WHERE table_schema = 'public' AND table_name = 'scholarship_sources'
Executing (default): SELECT pk.constraint_type as "Constraint",c.column_name as "Field", c.column_default as "Default",c.is_nullable as "Null", (CASE WHEN c.udt_name = 'hstore' THEN c.udt_name ELSE c.data_type END) || (CASE WHEN c.character_maximum_length IS NOT NULL THEN '(' || c.character_maximum_length || ')' ELSE '' END) as "Type", (SELECT array_agg(e.enumlabel) FROM pg_catalog.pg_type t JOIN pg_catalog.pg_enum e ON t.oid=e.enumtypid WHERE t.typname=c.udt_name) AS "special", (SELECT pgd.description FROM pg_catalog.pg_statio_all_tables AS st INNER JOIN pg_catalog.pg_description pgd on (pgd.objoid=st.relid) WHERE c.ordinal_position=pgd.objsubid AND c.table_name=st.relname) AS "Comment" FROM information_schema.columns c LEFT JOIN (SELECT tc.table_schema, tc.table_name, cu.column_name, tc.constraint_type FROM information_schema.TABLE_CONSTRAINTS tc JOIN information_schema.KEY_COLUMN_USAGE  cu ON tc.table_schema=cu.table_schema and tc.table_name=cu.table_name and tc.constraint_name=cu.constraint_name and tc.constraint_type='PRIMARY KEY') pk ON pk.table_schema=c.table_schema AND pk.table_name=c.table_name AND pk.column_name=c.column_name WHERE c.table_name = 'scholarship_sources' AND c.table_schema = 'public'
Executing (default): SELECT DISTINCT tc.constraint_name as constraint_name, tc.constraint_schema as constraint_schema, tc.constraint_catalog as constraint_catalog, tc.table_name as table_name,tc.table_schema as table_schema,tc.table_catalog as table_catalog,tc.initially_deferred as initially_deferred,tc.is_deferrable as is_deferrable,kcu.column_name as column_name,ccu.table_schema  AS referenced_table_schema,ccu.table_catalog  AS referenced_table_catalog,ccu.table_name  AS referenced_table_name,ccu.column_name AS referenced_column_name FROM information_schema.table_constraints AS tc JOIN information_schema.key_column_usage AS kcu ON tc.constraint_name = kcu.constraint_name JOIN information_schema.constraint_column_usage AS ccu ON ccu.constraint_name = tc.constraint_name WHERE constraint_type = 'FOREIGN KEY' AND tc.table_name = 'scholarship_sources' AND tc.table_catalog = 'EAP'
Executing (default): ALTER TABLE "scholarship_sources" ALTER COLUMN "domain_name" SET NOT NULL;ALTER TABLE "scholarship_sources" ALTER COLUMN "domain_name" DROP DEFAULT;ALTER TABLE "scholarship_sources" ALTER COLUMN "domain_name" TYPE VARCHAR(255);
Executing (default): ALTER TABLE "scholarship_sources" ALTER COLUMN "base_url" SET NOT NULL;ALTER TABLE "scholarship_sources" ALTER COLUMN "base_url" DROP DEFAULT;ALTER TABLE "scholarship_sources"  ADD UNIQUE ("base_url");ALTER TABLE "scholarship_sources" ALTER COLUMN "base_url" TYPE VARCHAR(255)  ;
Executing (default): ALTER TABLE "scholarship_sources" ALTER COLUMN "is_active" SET NOT NULL;ALTER TABLE "scholarship_sources" ALTER COLUMN "is_active" SET DEFAULT true;ALTER TABLE "scholarship_sources" ALTER COLUMN "is_active" TYPE BOOLEAN;
Executing (default): ALTER TABLE "scholarship_sources" ALTER COLUMN "last_scraped" DROP NOT NULL;ALTER TABLE "scholarship_sources" ALTER COLUMN "last_scraped" DROP DEFAULT;ALTER TABLE "scholarship_sources" ALTER COLUMN "last_scraped" TYPE TIMESTAMP WITH TIME ZONE;
Executing (default): ALTER TABLE "scholarship_sources" ALTER COLUMN "created_at" DROP NOT NULL;ALTER TABLE "scholarship_sources" ALTER COLUMN "created_at" DROP DEFAULT;ALTER TABLE "scholarship_sources" ALTER COLUMN "created_at" TYPE TIMESTAMP WITH TIME ZONE;
Executing (default): ALTER TABLE "scholarship_sources" ALTER COLUMN "updated_at" DROP NOT NULL;ALTER TABLE "scholarship_sources" ALTER COLUMN "updated_at" DROP DEFAULT;ALTER TABLE "scholarship_sources" ALTER COLUMN "updated_at" TYPE TIMESTAMP WITH TIME ZONE;
Executing (default): SELECT i.relname AS name, ix.indisprimary AS primary, ix.indisunique AS unique, ix.indkey AS indkey, array_agg(a.attnum) as column_indexes, array_agg(a.attname) AS column_names, pg_get_indexdef(ix.indexrelid) AS definition FROM pg_class t, pg_class i, pg_index ix, pg_attribute a WHERE t.oid = ix.indrelid AND i.oid = ix.indexrelid AND a.attrelid = t.oid AND t.relkind = 'r' and t.relname = 'scholarship_sources' GROUP BY i.relname, ix.indexrelid, ix.indisprimary, ix.indisunique, ix.indkey ORDER BY i.relname;
Executing (default): SELECT table_name FROM information_schema.tables WHERE table_schema = 'public' AND table_name = 'scholarships'
Executing (default): SELECT pk.constraint_type as "Constraint",c.column_name as "Field", c.column_default as "Default",c.is_nullable as "Null", (CASE WHEN c.udt_name = 'hstore' THEN c.udt_name ELSE c.data_type END) || (CASE WHEN c.character_maximum_length IS NOT NULL THEN '(' || c.character_maximum_length || ')' ELSE '' END) as "Type", (SELECT array_agg(e.enumlabel) FROM pg_catalog.pg_type t JOIN pg_catalog.pg_enum e ON t.oid=e.enumtypid WHERE t.typname=c.udt_name) AS "special", (SELECT pgd.description FROM pg_catalog.pg_statio_all_tables AS st INNER JOIN pg_catalog.pg_description pgd on (pgd.objoid=st.relid) WHERE c.ordinal_position=pgd.objsubid AND c.table_name=st.relname) AS "Comment" FROM information_schema.columns c LEFT JOIN (SELECT tc.table_schema, tc.table_name, cu.column_name, tc.constraint_type FROM information_schema.TABLE_CONSTRAINTS tc JOIN information_schema.KEY_COLUMN_USAGE  cu ON tc.table_schema=cu.table_schema and tc.table_name=cu.table_name and tc.constraint_name=cu.constraint_name and tc.constraint_type='PRIMARY KEY') pk ON pk.table_schema=c.table_schema AND pk.table_name=c.table_name AND pk.column_name=c.column_name WHERE c.table_name = 'scholarships' AND c.table_schema = 'public'
Executing (default): SELECT DISTINCT tc.constraint_name as constraint_name, tc.constraint_schema as constraint_schema, tc.constraint_catalog as constraint_catalog, tc.table_name as table_name,tc.table_schema as table_schema,tc.table_catalog as table_catalog,tc.initially_deferred as initially_deferred,tc.is_deferrable as is_deferrable,kcu.column_name as column_name,ccu.table_schema  AS referenced_table_schema,ccu.table_catalog  AS referenced_table_catalog,ccu.table_name  AS referenced_table_name,ccu.column_name AS referenced_column_name FROM information_schema.table_constraints AS tc JOIN information_schema.key_column_usage AS kcu ON tc.constraint_name = kcu.constraint_name JOIN information_schema.constraint_column_usage AS ccu ON ccu.constraint_name = tc.constraint_name WHERE constraint_type = 'FOREIGN KEY' AND tc.table_name = 'scholarships' AND tc.table_catalog = 'EAP'
Executing (default): ALTER TABLE "scholarships" DROP CONSTRAINT "scholarships_source_id_fkey"
Executing (default): ALTER TABLE "scholarships"  ADD FOREIGN KEY ("source_id") REFERENCES "scholarship_sources" ("id") ON DELETE SET NULL ON UPDATE CASCADE;
Executing (default): ALTER TABLE "scholarships" ALTER COLUMN "title" SET NOT NULL;ALTER TABLE "scholarships" ALTER COLUMN "title" DROP DEFAULT;ALTER TABLE "scholarships" ALTER COLUMN "title" TYPE VARCHAR(512);
Executing (default): ALTER TABLE "scholarships" ALTER COLUMN "description" DROP NOT NULL;ALTER TABLE "scholarships" ALTER COLUMN "description" DROP DEFAULT;ALTER TABLE "scholarships" ALTER COLUMN "description" TYPE TEXT;
Executing (default): ALTER TABLE "scholarships" ALTER COLUMN "amount" DROP NOT NULL;ALTER TABLE "scholarships" ALTER COLUMN "amount" DROP DEFAULT;ALTER TABLE "scholarships" ALTER COLUMN "amount" TYPE VARCHAR(100);
Executing (default): ALTER TABLE "scholarships" ALTER COLUMN "deadline" DROP NOT NULL;ALTER TABLE "scholarships" ALTER COLUMN "deadline" DROP DEFAULT;ALTER TABLE "scholarships" ALTER COLUMN "deadline" TYPE TIMESTAMP WITH TIME ZONE;
Executing (default): ALTER TABLE "scholarships" ALTER COLUMN "original_url" SET NOT NULL;ALTER TABLE "scholarships" ALTER COLUMN "original_url" DROP DEFAULT;ALTER TABLE "scholarships"  ADD UNIQUE ("original_url");ALTER TABLE "scholarships" ALTER COLUMN "original_url" TYPE VARCHAR(512)  ;
Executing (default): ALTER TABLE "scholarships" ALTER COLUMN "created_at" DROP NOT NULL;ALTER TABLE "scholarships" ALTER COLUMN "created_at" DROP DEFAULT;ALTER TABLE "scholarships" ALTER COLUMN "created_at" TYPE TIMESTAMP WITH TIME ZONE;
Executing (default): ALTER TABLE "scholarships" ALTER COLUMN "updated_at" DROP NOT NULL;ALTER TABLE "scholarships" ALTER COLUMN "updated_at" DROP DEFAULT;ALTER TABLE "scholarships" ALTER COLUMN "updated_at" TYPE TIMESTAMP WITH TIME ZONE;
Executing (default): ALTER TABLE "scholarships" ALTER COLUMN "content_hash" DROP NOT NULL;ALTER TABLE "scholarships" ALTER COLUMN "content_hash" DROP DEFAULT;ALTER TABLE "scholarships" ALTER COLUMN "content_hash" TYPE VARCHAR(32);
Executing (default): ALTER TABLE "scholarships" ALTER COLUMN "fund_type" DROP NOT NULL;ALTER TABLE "scholarships" ALTER COLUMN "fund_type" DROP DEFAULT;ALTER TABLE "scholarships" ALTER COLUMN "fund_type" TYPE VARCHAR(100);
Executing (default): ALTER TABLE "scholarships" ALTER COLUMN "requirements" DROP NOT NULL;ALTER TABLE "scholarships" ALTER COLUMN "requirements" DROP DEFAULT;ALTER TABLE "scholarships" ALTER COLUMN "requirements" TYPE TEXT;
Executing (default): ALTER TABLE "scholarships" ALTER COLUMN "intake_season" DROP NOT NULL;ALTER TABLE "scholarships" ALTER COLUMN "intake_season" DROP DEFAULT;ALTER TABLE "scholarships" ALTER COLUMN "intake_season" TYPE VARCHAR(255);
Executing (default): ALTER TABLE "scholarships" ALTER COLUMN "country" DROP NOT NULL;ALTER TABLE "scholarships" ALTER COLUMN "country" DROP DEFAULT;ALTER TABLE "scholarships" ALTER COLUMN "country" TYPE VARCHAR(255);
Executing (default): ALTER TABLE "scholarships" ALTER COLUMN "degree_levels" DROP NOT NULL;ALTER TABLE "scholarships" ALTER COLUMN "degree_levels" DROP DEFAULT;ALTER TABLE "scholarships" ALTER COLUMN "degree_levels" TYPE JSONB;
Executing (default): ALTER TABLE "scholarships" ALTER COLUMN "embedding" DROP NOT NULL;ALTER TABLE "scholarships" ALTER COLUMN "embedding" DROP DEFAULT;ALTER TABLE "scholarships" ALTER COLUMN "embedding" TYPE VECTOR(3072);
Executing (default): SELECT i.relname AS name, ix.indisprimary AS primary, ix.indisunique AS unique, ix.indkey AS indkey, array_agg(a.attnum) as column_indexes, array_agg(a.attname) AS column_names, pg_get_indexdef(ix.indexrelid) AS definition FROM pg_class t, pg_class i, pg_index ix, pg_attribute a WHERE t.oid = ix.indrelid AND i.oid = ix.indexrelid AND a.attrelid = t.oid AND t.relkind = 'r' and t.relname = 'scholarships' GROUP BY i.relname, ix.indexrelid, ix.indisprimary, ix.indisunique, ix.indkey ORDER BY i.relname;
Executing (default): SELECT table_name FROM information_schema.tables WHERE table_schema = 'public' AND table_name = 'assessment_results'
Executing (default): SELECT pk.constraint_type as "Constraint",c.column_name as "Field", c.column_default as "Default",c.is_nullable as "Null", (CASE WHEN c.udt_name = 'hstore' THEN c.udt_name ELSE c.data_type END) || (CASE WHEN c.character_maximum_length IS NOT NULL THEN '(' || c.character_maximum_length || ')' ELSE '' END) as "Type", (SELECT array_agg(e.enumlabel) FROM pg_catalog.pg_type t JOIN pg_catalog.pg_enum e ON t.oid=e.enumtypid WHERE t.typname=c.udt_name) AS "special", (SELECT pgd.description FROM pg_catalog.pg_statio_all_tables AS st INNER JOIN pg_catalog.pg_description pgd on (pgd.objoid=st.relid) WHERE c.ordinal_position=pgd.objsubid AND c.table_name=st.relname) AS "Comment" FROM information_schema.columns c LEFT JOIN (SELECT tc.table_schema, tc.table_name, cu.column_name, tc.constraint_type FROM information_schema.TABLE_CONSTRAINTS tc JOIN information_schema.KEY_COLUMN_USAGE  cu ON tc.table_schema=cu.table_schema and tc.table_name=cu.table_name and tc.constraint_name=cu.constraint_name and tc.constraint_type='PRIMARY KEY') pk ON pk.table_schema=c.table_schema AND pk.table_name=c.table_name AND pk.column_name=c.column_name WHERE c.table_name = 'assessment_results' AND c.table_schema = 'public'
Executing (default): SELECT DISTINCT tc.constraint_name as constraint_name, tc.constraint_schema as constraint_schema, tc.constraint_catalog as constraint_catalog, tc.table_name as table_name,tc.table_schema as table_schema,tc.table_catalog as table_catalog,tc.initially_deferred as initially_deferred,tc.is_deferrable as is_deferrable,kcu.column_name as column_name,ccu.table_schema  AS referenced_table_schema,ccu.table_catalog  AS referenced_table_catalog,ccu.table_name  AS referenced_table_name,ccu.column_name AS referenced_column_name FROM information_schema.table_constraints AS tc JOIN information_schema.key_column_usage AS kcu ON tc.constraint_name = kcu.constraint_name JOIN information_schema.constraint_column_usage AS ccu ON ccu.constraint_name = tc.constraint_name WHERE constraint_type = 'FOREIGN KEY' AND tc.table_name = 'assessment_results' AND tc.table_catalog = 'EAP'
Executing (default): ALTER TABLE "assessment_results" DROP CONSTRAINT "assessment_results_student_id_fkey"
Executing (default): ALTER TABLE "assessment_results" ALTER COLUMN "student_id" SET NOT NULL;ALTER TABLE "assessment_results"  ADD FOREIGN KEY ("student_id") REFERENCES "students" ("id") ON DELETE CASCADE ON UPDATE CASCADE;
Executing (default): ALTER TABLE "assessment_results" ALTER COLUMN "test_id" SET NOT NULL;ALTER TABLE "assessment_results" ALTER COLUMN "test_id" DROP DEFAULT;ALTER TABLE "assessment_results" ALTER COLUMN "test_id" TYPE UUID;
Executing (default): ALTER TABLE "assessment_results" ALTER COLUMN "exam_type" SET NOT NULL;ALTER TABLE "assessment_results" ALTER COLUMN "exam_type" DROP DEFAULT;ALTER TABLE "assessment_results" ALTER COLUMN "exam_type" TYPE VARCHAR(20);
Executing (default): ALTER TABLE "assessment_results" ALTER COLUMN "difficulty" SET NOT NULL;ALTER TABLE "assessment_results" ALTER COLUMN "difficulty" DROP DEFAULT;ALTER TABLE "assessment_results" ALTER COLUMN "difficulty" TYPE VARCHAR(10);
Executing (default): ALTER TABLE "assessment_results" ALTER COLUMN "evaluation" SET NOT NULL;ALTER TABLE "assessment_results" ALTER COLUMN "evaluation" DROP DEFAULT;ALTER TABLE "assessment_results" ALTER COLUMN "evaluation" TYPE JSONB;
Executing (default): ALTER TABLE "assessment_results" ALTER COLUMN "overall_band" SET NOT NULL;ALTER TABLE "assessment_results" ALTER COLUMN "overall_band" DROP DEFAULT;ALTER TABLE "assessment_results" ALTER COLUMN "overall_band" TYPE DECIMAL(5,2);
Executing (default): ALTER TABLE "assessment_results" ALTER COLUMN "created_at" DROP NOT NULL;ALTER TABLE "assessment_results" ALTER COLUMN "created_at" DROP DEFAULT;ALTER TABLE "assessment_results" ALTER COLUMN "created_at" TYPE TIMESTAMP WITH TIME ZONE;
Executing (default): ALTER TABLE "assessment_results" ALTER COLUMN "updated_at" DROP NOT NULL;ALTER TABLE "assessment_results" ALTER COLUMN "updated_at" DROP DEFAULT;ALTER TABLE "assessment_results" ALTER COLUMN "updated_at" TYPE TIMESTAMP WITH TIME ZONE;
Executing (default): ALTER TABLE "assessment_results" ALTER COLUMN "score_breakdown" DROP NOT NULL;ALTER TABLE "assessment_results" ALTER COLUMN "score_breakdown" DROP DEFAULT;ALTER TABLE "assessment_results" ALTER COLUMN "score_breakdown" TYPE JSONB;
Executing (default): SELECT i.relname AS name, ix.indisprimary AS primary, ix.indisunique AS unique, ix.indkey AS indkey, array_agg(a.attnum) as column_indexes, array_agg(a.attname) AS column_names, pg_get_indexdef(ix.indexrelid) AS definition FROM pg_class t, pg_class i, pg_index ix, pg_attribute a WHERE t.oid = ix.indrelid AND i.oid = ix.indexrelid AND a.attrelid = t.oid AND t.relkind = 'r' and t.relname = 'assessment_results' GROUP BY i.relname, ix.indexrelid, ix.indisprimary, ix.indisunique, ix.indkey ORDER BY i.relname;
Executing (default): SELECT table_name FROM information_schema.tables WHERE table_schema = 'public' AND table_name = 'consultations'
Executing (default): SELECT pk.constraint_type as "Constraint",c.column_name as "Field", c.column_default as "Default",c.is_nullable as "Null", (CASE WHEN c.udt_name = 'hstore' THEN c.udt_name ELSE c.data_type END) || (CASE WHEN c.character_maximum_length IS NOT NULL THEN '(' || c.character_maximum_length || ')' ELSE '' END) as "Type", (SELECT array_agg(e.enumlabel) FROM pg_catalog.pg_type t JOIN pg_catalog.pg_enum e ON t.oid=e.enumtypid WHERE t.typname=c.udt_name) AS "special", (SELECT pgd.description FROM pg_catalog.pg_statio_all_tables AS st INNER JOIN pg_catalog.pg_description pgd on (pgd.objoid=st.relid) WHERE c.ordinal_position=pgd.objsubid AND c.table_name=st.relname) AS "Comment" FROM information_schema.columns c LEFT JOIN (SELECT tc.table_schema, tc.table_name, cu.column_name, tc.constraint_type FROM information_schema.TABLE_CONSTRAINTS tc JOIN information_schema.KEY_COLUMN_USAGE  cu ON tc.table_schema=cu.table_schema and tc.table_name=cu.table_name and tc.constraint_name=cu.constraint_name and tc.constraint_type='PRIMARY KEY') pk ON pk.table_schema=c.table_schema AND pk.table_name=c.table_name AND pk.column_name=c.column_name WHERE c.table_name = 'consultations' AND c.table_schema = 'public'
Executing (default): SELECT DISTINCT tc.constraint_name as constraint_name, tc.constraint_schema as constraint_schema, tc.constraint_catalog as constraint_catalog, tc.table_name as table_name,tc.table_schema as table_schema,tc.table_catalog as table_catalog,tc.initially_deferred as initially_deferred,tc.is_deferrable as is_deferrable,kcu.column_name as column_name,ccu.table_schema  AS referenced_table_schema,ccu.table_catalog  AS referenced_table_catalog,ccu.table_name  AS referenced_table_name,ccu.column_name AS referenced_column_name FROM information_schema.table_constraints AS tc JOIN information_schema.key_column_usage AS kcu ON tc.constraint_name = kcu.constraint_name JOIN information_schema.constraint_column_usage AS ccu ON ccu.constraint_name = tc.constraint_name WHERE constraint_type = 'FOREIGN KEY' AND tc.table_name = 'consultations' AND tc.table_catalog = 'EAP'
Executing (default): ALTER TABLE "consultations" DROP CONSTRAINT "consultations_counselor_id_fkey"
Executing (default): ALTER TABLE "consultations" DROP CONSTRAINT "consultations_student_id_fkey"
Executing (default): ALTER TABLE "consultations"  ADD FOREIGN KEY ("student_id") REFERENCES "users" ("id") ON DELETE CASCADE ON UPDATE CASCADE;
Executing (default): ALTER TABLE "consultations"  ADD FOREIGN KEY ("counselor_id") REFERENCES "users" ("id") ON DELETE CASCADE ON UPDATE CASCADE;
Executing (default): ALTER TABLE "consultations" ALTER COLUMN "status" SET NOT NULL;ALTER TABLE "consultations" ALTER COLUMN "status" SET DEFAULT 'scheduled';ALTER TABLE "consultations" ALTER COLUMN "status" TYPE VARCHAR(20);
Executing (default): ALTER TABLE "consultations" ALTER COLUMN "session_date" SET NOT NULL;ALTER TABLE "consultations" ALTER COLUMN "session_date" DROP DEFAULT;ALTER TABLE "consultations" ALTER COLUMN "session_date" TYPE TIMESTAMP WITH TIME ZONE;
Executing (default): ALTER TABLE "consultations" ALTER COLUMN "created_at" DROP NOT NULL;ALTER TABLE "consultations" ALTER COLUMN "created_at" DROP DEFAULT;ALTER TABLE "consultations" ALTER COLUMN "created_at" TYPE TIMESTAMP WITH TIME ZONE;
Executing (default): ALTER TABLE "consultations" ALTER COLUMN "updated_at" DROP NOT NULL;ALTER TABLE "consultations" ALTER COLUMN "updated_at" DROP DEFAULT;ALTER TABLE "consultations" ALTER COLUMN "updated_at" TYPE TIMESTAMP WITH TIME ZONE;
Executing (default): SELECT i.relname AS name, ix.indisprimary AS primary, ix.indisunique AS unique, ix.indkey AS indkey, array_agg(a.attnum) as column_indexes, array_agg(a.attname) AS column_names, pg_get_indexdef(ix.indexrelid) AS definition FROM pg_class t, pg_class i, pg_index ix, pg_attribute a WHERE t.oid = ix.indrelid AND i.oid = ix.indexrelid AND a.attrelid = t.oid AND t.relkind = 'r' and t.relname = 'consultations' GROUP BY i.relname, ix.indexrelid, ix.indisprimary, ix.indisunique, ix.indkey ORDER BY i.relname;
Executing (default): SELECT table_name FROM information_schema.tables WHERE table_schema = 'public' AND table_name = 'notifications'
Executing (default): SELECT pk.constraint_type as "Constraint",c.column_name as "Field", c.column_default as "Default",c.is_nullable as "Null", (CASE WHEN c.udt_name = 'hstore' THEN c.udt_name ELSE c.data_type END) || (CASE WHEN c.character_maximum_length IS NOT NULL THEN '(' || c.character_maximum_length || ')' ELSE '' END) as "Type", (SELECT array_agg(e.enumlabel) FROM pg_catalog.pg_type t JOIN pg_catalog.pg_enum e ON t.oid=e.enumtypid WHERE t.typname=c.udt_name) AS "special", (SELECT pgd.description FROM pg_catalog.pg_statio_all_tables AS st INNER JOIN pg_catalog.pg_description pgd on (pgd.objoid=st.relid) WHERE c.ordinal_position=pgd.objsubid AND c.table_name=st.relname) AS "Comment" FROM information_schema.columns c LEFT JOIN (SELECT tc.table_schema, tc.table_name, cu.column_name, tc.constraint_type FROM information_schema.TABLE_CONSTRAINTS tc JOIN information_schema.KEY_COLUMN_USAGE  cu ON tc.table_schema=cu.table_schema and tc.table_name=cu.table_name and tc.constraint_name=cu.constraint_name and tc.constraint_type='PRIMARY KEY') pk ON pk.table_schema=c.table_schema AND pk.table_name=c.table_name AND pk.column_name=c.column_name WHERE c.table_name = 'notifications' AND c.table_schema = 'public'
Executing (default): SELECT DISTINCT tc.constraint_name as constraint_name, tc.constraint_schema as constraint_schema, tc.constraint_catalog as constraint_catalog, tc.table_name as table_name,tc.table_schema as table_schema,tc.table_catalog as table_catalog,tc.initially_deferred as initially_deferred,tc.is_deferrable as is_deferrable,kcu.column_name as column_name,ccu.table_schema  AS referenced_table_schema,ccu.table_catalog  AS referenced_table_catalog,ccu.table_name  AS referenced_table_name,ccu.column_name AS referenced_column_name FROM information_schema.table_constraints AS tc JOIN information_schema.key_column_usage AS kcu ON tc.constraint_name = kcu.constraint_name JOIN information_schema.constraint_column_usage AS ccu ON ccu.constraint_name = tc.constraint_name WHERE constraint_type = 'FOREIGN KEY' AND tc.table_name = 'notifications' AND tc.table_catalog = 'EAP'
Executing (default): ALTER TABLE "notifications" DROP CONSTRAINT "notifications_user_id_fkey"
Executing (default): ALTER TABLE "notifications" ALTER COLUMN "user_id" SET NOT NULL;ALTER TABLE "notifications"  ADD FOREIGN KEY ("user_id") REFERENCES "users" ("id") ON DELETE CASCADE ON UPDATE CASCADE;
Executing (default): ALTER TABLE "notifications" ALTER COLUMN "title" SET NOT NULL;ALTER TABLE "notifications" ALTER COLUMN "title" DROP DEFAULT;ALTER TABLE "notifications" ALTER COLUMN "title" TYPE VARCHAR(255);
Executing (default): ALTER TABLE "notifications" ALTER COLUMN "message" SET NOT NULL;ALTER TABLE "notifications" ALTER COLUMN "message" DROP DEFAULT;ALTER TABLE "notifications" ALTER COLUMN "message" TYPE TEXT;
Executing (default): ALTER TABLE "notifications" ALTER COLUMN "type" SET NOT NULL;ALTER TABLE "notifications" ALTER COLUMN "type" SET DEFAULT 'SCHOLARSHIP_MATCH';ALTER TABLE "notifications" ALTER COLUMN "type" TYPE VARCHAR(50);
Executing (default): ALTER TABLE "notifications" ALTER COLUMN "related_id" DROP NOT NULL;ALTER TABLE "notifications" ALTER COLUMN "related_id" DROP DEFAULT;ALTER TABLE "notifications" ALTER COLUMN "related_id" TYPE INTEGER;
Executing (default): ALTER TABLE "notifications" ALTER COLUMN "is_read" SET NOT NULL;ALTER TABLE "notifications" ALTER COLUMN "is_read" SET DEFAULT false;ALTER TABLE "notifications" ALTER COLUMN "is_read" TYPE BOOLEAN;
Executing (default): ALTER TABLE "notifications" ALTER COLUMN "created_at" DROP NOT NULL;ALTER TABLE "notifications" ALTER COLUMN "created_at" DROP DEFAULT;ALTER TABLE "notifications" ALTER COLUMN "created_at" TYPE TIMESTAMP WITH TIME ZONE;
Executing (default): ALTER TABLE "notifications" ALTER COLUMN "updated_at" DROP NOT NULL;ALTER TABLE "notifications" ALTER COLUMN "updated_at" DROP DEFAULT;ALTER TABLE "notifications" ALTER COLUMN "updated_at" TYPE TIMESTAMP WITH TIME ZONE;
Executing (default): ALTER TABLE "notifications" ALTER COLUMN "is_delivered" SET NOT NULL;ALTER TABLE "notifications" ALTER COLUMN "is_delivered" SET DEFAULT false;ALTER TABLE "notifications" ALTER COLUMN "is_delivered" TYPE BOOLEAN;
Executing (default): ALTER TABLE "notifications" ALTER COLUMN "is_clicked" SET NOT NULL;ALTER TABLE "notifications" ALTER COLUMN "is_clicked" SET DEFAULT false;ALTER TABLE "notifications" ALTER COLUMN "is_clicked" TYPE BOOLEAN;
Executing (default): SELECT i.relname AS name, ix.indisprimary AS primary, ix.indisunique AS unique, ix.indkey AS indkey, array_agg(a.attnum) as column_indexes, array_agg(a.attname) AS column_names, pg_get_indexdef(ix.indexrelid) AS definition FROM pg_class t, pg_class i, pg_index ix, pg_attribute a WHERE t.oid = ix.indrelid AND i.oid = ix.indexrelid AND a.attrelid = t.oid AND t.relkind = 'r' and t.relname = 'notifications' GROUP BY i.relname, ix.indexrelid, ix.indisprimary, ix.indisunique, ix.indkey ORDER BY i.relname;
Executing (default): SELECT table_name FROM information_schema.tables WHERE table_schema = 'public' AND table_name = 'videos'
Executing (default): SELECT pk.constraint_type as "Constraint",c.column_name as "Field", c.column_default as "Default",c.is_nullable as "Null", (CASE WHEN c.udt_name = 'hstore' THEN c.udt_name ELSE c.data_type END) || (CASE WHEN c.character_maximum_length IS NOT NULL THEN '(' || c.character_maximum_length || ')' ELSE '' END) as "Type", (SELECT array_agg(e.enumlabel) FROM pg_catalog.pg_type t JOIN pg_catalog.pg_enum e ON t.oid=e.enumtypid WHERE t.typname=c.udt_name) AS "special", (SELECT pgd.description FROM pg_catalog.pg_statio_all_tables AS st INNER JOIN pg_catalog.pg_description pgd on (pgd.objoid=st.relid) WHERE c.ordinal_position=pgd.objsubid AND c.table_name=st.relname) AS "Comment" FROM information_schema.columns c LEFT JOIN (SELECT tc.table_schema, tc.table_name, cu.column_name, tc.constraint_type FROM information_schema.TABLE_CONSTRAINTS tc JOIN information_schema.KEY_COLUMN_USAGE  cu ON tc.table_schema=cu.table_schema and tc.table_name=cu.table_name and tc.constraint_name=cu.constraint_name and tc.constraint_type='PRIMARY KEY') pk ON pk.table_schema=c.table_schema AND pk.table_name=c.table_name AND pk.column_name=c.column_name WHERE c.table_name = 'videos' AND c.table_schema = 'public'
Executing (default): SELECT DISTINCT tc.constraint_name as constraint_name, tc.constraint_schema as constraint_schema, tc.constraint_catalog as constraint_catalog, tc.table_name as table_name,tc.table_schema as table_schema,tc.table_catalog as table_catalog,tc.initially_deferred as initially_deferred,tc.is_deferrable as is_deferrable,kcu.column_name as column_name,ccu.table_schema  AS referenced_table_schema,ccu.table_catalog  AS referenced_table_catalog,ccu.table_name  AS referenced_table_name,ccu.column_name AS referenced_column_name FROM information_schema.table_constraints AS tc JOIN information_schema.key_column_usage AS kcu ON tc.constraint_name = kcu.constraint_name JOIN information_schema.constraint_column_usage AS ccu ON ccu.constraint_name = tc.constraint_name WHERE constraint_type = 'FOREIGN KEY' AND tc.table_name = 'videos' AND tc.table_catalog = 'EAP'
Executing (default): ALTER TABLE "videos" ALTER COLUMN "video_link" SET NOT NULL;ALTER TABLE "videos" ALTER COLUMN "video_link" DROP DEFAULT;ALTER TABLE "videos" ALTER COLUMN "video_link" TYPE VARCHAR(255);
Executing (default): ALTER TABLE "videos" ALTER COLUMN "thumbnail_link" SET NOT NULL;ALTER TABLE "videos" ALTER COLUMN "thumbnail_link" DROP DEFAULT;ALTER TABLE "videos" ALTER COLUMN "thumbnail_link" TYPE VARCHAR(255);
Executing (default): ALTER TABLE "videos" ALTER COLUMN "level" SET NOT NULL;ALTER TABLE "videos" ALTER COLUMN "level" DROP DEFAULT;ALTER TABLE "videos" ALTER COLUMN "level" TYPE VARCHAR(20);
Executing (default): ALTER TABLE "videos" ALTER COLUMN "type" SET NOT NULL;ALTER TABLE "videos" ALTER COLUMN "type" DROP DEFAULT;ALTER TABLE "videos" ALTER COLUMN "type" TYPE VARCHAR(20);
Executing (default): ALTER TABLE "videos" ALTER COLUMN "created_at" DROP NOT NULL;ALTER TABLE "videos" ALTER COLUMN "created_at" DROP DEFAULT;ALTER TABLE "videos" ALTER COLUMN "created_at" TYPE TIMESTAMP WITH TIME ZONE;
Executing (default): ALTER TABLE "videos" ALTER COLUMN "updated_at" DROP NOT NULL;ALTER TABLE "videos" ALTER COLUMN "updated_at" DROP DEFAULT;ALTER TABLE "videos" ALTER COLUMN "updated_at" TYPE TIMESTAMP WITH TIME ZONE;
Executing (default): ALTER TABLE "videos" ALTER COLUMN "exam_type" SET NOT NULL;ALTER TABLE "videos" ALTER COLUMN "exam_type" SET DEFAULT 'IELTS';ALTER TABLE "videos" ALTER COLUMN "exam_type" TYPE VARCHAR(20);
Executing (default): SELECT i.relname AS name, ix.indisprimary AS primary, ix.indisunique AS unique, ix.indkey AS indkey, array_agg(a.attnum) as column_indexes, array_agg(a.attname) AS column_names, pg_get_indexdef(ix.indexrelid) AS definition FROM pg_class t, pg_class i, pg_index ix, pg_attribute a WHERE t.oid = ix.indrelid AND i.oid = ix.indexrelid AND a.attrelid = t.oid AND t.relkind = 'r' and t.relname = 'videos' GROUP BY i.relname, ix.indexrelid, ix.indisprimary, ix.indisunique, ix.indkey ORDER BY i.relname;
Executing (default): SELECT table_name FROM information_schema.tables WHERE table_schema = 'public' AND table_name = 'learning_paths'
Executing (default): SELECT pk.constraint_type as "Constraint",c.column_name as "Field", c.column_default as "Default",c.is_nullable as "Null", (CASE WHEN c.udt_name = 'hstore' THEN c.udt_name ELSE c.data_type END) || (CASE WHEN c.character_maximum_length IS NOT NULL THEN '(' || c.character_maximum_length || ')' ELSE '' END) as "Type", (SELECT array_agg(e.enumlabel) FROM pg_catalog.pg_type t JOIN pg_catalog.pg_enum e ON t.oid=e.enumtypid WHERE t.typname=c.udt_name) AS "special", (SELECT pgd.description FROM pg_catalog.pg_statio_all_tables AS st INNER JOIN pg_catalog.pg_description pgd on (pgd.objoid=st.relid) WHERE c.ordinal_position=pgd.objsubid AND c.table_name=st.relname) AS "Comment" FROM information_schema.columns c LEFT JOIN (SELECT tc.table_schema, tc.table_name, cu.column_name, tc.constraint_type FROM information_schema.TABLE_CONSTRAINTS tc JOIN information_schema.KEY_COLUMN_USAGE  cu ON tc.table_schema=cu.table_schema and tc.table_name=cu.table_name and tc.constraint_name=cu.constraint_name and tc.constraint_type='PRIMARY KEY') pk ON pk.table_schema=c.table_schema AND pk.table_name=c.table_name AND pk.column_name=c.column_name WHERE c.table_name = 'learning_paths' AND c.table_schema = 'public'
Executing (default): SELECT DISTINCT tc.constraint_name as constraint_name, tc.constraint_schema as constraint_schema, tc.constraint_catalog as constraint_catalog, tc.table_name as table_name,tc.table_schema as table_schema,tc.table_catalog as table_catalog,tc.initially_deferred as initially_deferred,tc.is_deferrable as is_deferrable,kcu.column_name as column_name,ccu.table_schema  AS referenced_table_schema,ccu.table_catalog  AS referenced_table_catalog,ccu.table_name  AS referenced_table_name,ccu.column_name AS referenced_column_name FROM information_schema.table_constraints AS tc JOIN information_schema.key_column_usage AS kcu ON tc.constraint_name = kcu.constraint_name JOIN information_schema.constraint_column_usage AS ccu ON ccu.constraint_name = tc.constraint_name WHERE constraint_type = 'FOREIGN KEY' AND tc.table_name = 'learning_paths' AND tc.table_catalog = 'EAP'
Executing (default): ALTER TABLE "learning_paths" DROP CONSTRAINT "learning_paths_student_id_fkey"
Executing (default): ALTER TABLE "learning_paths" ALTER COLUMN "student_id" SET NOT NULL;ALTER TABLE "learning_paths"  ADD FOREIGN KEY ("student_id") REFERENCES "students" ("id") ON DELETE CASCADE ON UPDATE CASCADE;
Executing (default): ALTER TABLE "learning_paths" ALTER COLUMN "video_sections" SET NOT NULL;ALTER TABLE "learning_paths" ALTER COLUMN "video_sections" SET DEFAULT '{"reading":[],"listening":[],"writing":[],"speaking":[]}';ALTER TABLE "learning_paths" ALTER COLUMN "video_sections" TYPE JSONB;
Executing (default): ALTER TABLE "learning_paths" ALTER COLUMN "note_sections" SET NOT NULL;ALTER TABLE "learning_paths" ALTER COLUMN "note_sections" SET DEFAULT '{"reading":"","listening":"","writing":"","speaking":""}';ALTER TABLE "learning_paths" ALTER COLUMN "note_sections" TYPE JSONB;
Executing (default): ALTER TABLE "learning_paths" ALTER COLUMN "created_at" DROP NOT NULL;ALTER TABLE "learning_paths" ALTER COLUMN "created_at" DROP DEFAULT;ALTER TABLE "learning_paths" ALTER COLUMN "created_at" TYPE TIMESTAMP WITH TIME ZONE;
Executing (default): ALTER TABLE "learning_paths" ALTER COLUMN "updated_at" DROP NOT NULL;ALTER TABLE "learning_paths" ALTER COLUMN "updated_at" DROP DEFAULT;ALTER TABLE "learning_paths" ALTER COLUMN "updated_at" TYPE TIMESTAMP WITH TIME ZONE;
Executing (default): ALTER TABLE "learning_paths" ALTER COLUMN "learning_mode_sections" SET NOT NULL;ALTER TABLE "learning_paths" ALTER COLUMN "learning_mode_sections" SET DEFAULT '{"reading":[],"listening":[],"writing":[],"speaking":[]}';ALTER TABLE "learning_paths" ALTER COLUMN "learning_mode_sections" TYPE JSONB;
Executing (default): ALTER TABLE "learning_paths" ALTER COLUMN "competency_gap_analysis" DROP NOT NULL;ALTER TABLE "learning_paths" ALTER COLUMN "competency_gap_analysis" DROP DEFAULT;ALTER TABLE "learning_paths" ALTER COLUMN "competency_gap_analysis" TYPE JSONB;
Executing (default): ALTER TABLE "learning_paths" ALTER COLUMN "curriculum_map" DROP NOT NULL;ALTER TABLE "learning_paths" ALTER COLUMN "curriculum_map" DROP DEFAULT;ALTER TABLE "learning_paths" ALTER COLUMN "curriculum_map" TYPE JSONB;
Executing (default): ALTER TABLE "learning_paths" ALTER COLUMN "proficiency_level" SET NOT NULL;ALTER TABLE "learning_paths" ALTER COLUMN "proficiency_level" SET DEFAULT 'easy';ALTER TABLE "learning_paths" ALTER COLUMN "proficiency_level" TYPE VARCHAR(255);
Executing (default): ALTER TABLE "learning_paths" ALTER COLUMN "exam_type" SET NOT NULL;ALTER TABLE "learning_paths" ALTER COLUMN "exam_type" SET DEFAULT 'IELTS';ALTER TABLE "learning_paths" ALTER COLUMN "exam_type" TYPE VARCHAR(20);
Executing (default): ALTER TABLE "learning_paths" ALTER COLUMN "current_progress_percentage" SET NOT NULL;ALTER TABLE "learning_paths" ALTER COLUMN "current_progress_percentage" SET DEFAULT 0;ALTER TABLE "learning_paths" ALTER COLUMN "current_progress_percentage" TYPE INTEGER;
Executing (default): SELECT i.relname AS name, ix.indisprimary AS primary, ix.indisunique AS unique, ix.indkey AS indkey, array_agg(a.attnum) as column_indexes, array_agg(a.attname) AS column_names, pg_get_indexdef(ix.indexrelid) AS definition FROM pg_class t, pg_class i, pg_index ix, pg_attribute a WHERE t.oid = ix.indrelid AND i.oid = ix.indexrelid AND a.attrelid = t.oid AND t.relkind = 'r' and t.relname = 'learning_paths' GROUP BY i.relname, ix.indexrelid, ix.indisprimary, ix.indisunique, ix.indkey ORDER BY i.relname;
Executing (default): SELECT table_name FROM information_schema.tables WHERE table_schema = 'public' AND table_name = 'learning_path_progress'
Executing (default): SELECT pk.constraint_type as "Constraint",c.column_name as "Field", c.column_default as "Default",c.is_nullable as "Null", (CASE WHEN c.udt_name = 'hstore' THEN c.udt_name ELSE c.data_type END) || (CASE WHEN c.character_maximum_length IS NOT NULL THEN '(' || c.character_maximum_length || ')' ELSE '' END) as "Type", (SELECT array_agg(e.enumlabel) FROM pg_catalog.pg_type t JOIN pg_catalog.pg_enum e ON t.oid=e.enumtypid WHERE t.typname=c.udt_name) AS "special", (SELECT pgd.description FROM pg_catalog.pg_statio_all_tables AS st INNER JOIN pg_catalog.pg_description pgd on (pgd.objoid=st.relid) WHERE c.ordinal_position=pgd.objsubid AND c.table_name=st.relname) AS "Comment" FROM information_schema.columns c LEFT JOIN (SELECT tc.table_schema, tc.table_name, cu.column_name, tc.constraint_type FROM information_schema.TABLE_CONSTRAINTS tc JOIN information_schema.KEY_COLUMN_USAGE  cu ON tc.table_schema=cu.table_schema and tc.table_name=cu.table_name and tc.constraint_name=cu.constraint_name and tc.constraint_type='PRIMARY KEY') pk ON pk.table_schema=c.table_schema AND pk.table_name=c.table_name AND pk.column_name=c.column_name WHERE c.table_name = 'learning_path_progress' AND c.table_schema = 'public'
Executing (default): SELECT DISTINCT tc.constraint_name as constraint_name, tc.constraint_schema as constraint_schema, tc.constraint_catalog as constraint_catalog, tc.table_name as table_name,tc.table_schema as table_schema,tc.table_catalog as table_catalog,tc.initially_deferred as initially_deferred,tc.is_deferrable as is_deferrable,kcu.column_name as column_name,ccu.table_schema  AS referenced_table_schema,ccu.table_catalog  AS referenced_table_catalog,ccu.table_name  AS referenced_table_name,ccu.column_name AS referenced_column_name FROM information_schema.table_constraints AS tc JOIN information_schema.key_column_usage AS kcu ON tc.constraint_name = kcu.constraint_name JOIN information_schema.constraint_column_usage AS ccu ON ccu.constraint_name = tc.constraint_name WHERE constraint_type = 'FOREIGN KEY' AND tc.table_name = 'learning_path_progress' AND tc.table_catalog = 'EAP'
Executing (default): ALTER TABLE "learning_path_progress" DROP CONSTRAINT "learning_path_progress_student_id_fkey"
Executing (default): ALTER TABLE "learning_path_progress" ALTER COLUMN "student_id" SET NOT NULL;ALTER TABLE "learning_path_progress"  ADD FOREIGN KEY ("student_id") REFERENCES "students" ("id") ON DELETE CASCADE ON UPDATE CASCADE;
Executing (default): ALTER TABLE "learning_path_progress" DROP CONSTRAINT "learning_path_progress_video_id_fkey"
Executing (default): ALTER TABLE "learning_path_progress"  ADD FOREIGN KEY ("video_id") REFERENCES "videos" ("id") ON DELETE SET NULL ON UPDATE CASCADE;
Executing (default): ALTER TABLE "learning_path_progress" ALTER COLUMN "section" SET NOT NULL;ALTER TABLE "learning_path_progress" ALTER COLUMN "section" DROP DEFAULT;ALTER TABLE "learning_path_progress" ALTER COLUMN "section" TYPE VARCHAR(20);
Executing (default): ALTER TABLE "learning_path_progress" ALTER COLUMN "is_completed" SET NOT NULL;ALTER TABLE "learning_path_progress" ALTER COLUMN "is_completed" SET DEFAULT false;ALTER TABLE "learning_path_progress" ALTER COLUMN "is_completed" TYPE BOOLEAN;
Executing (default): ALTER TABLE "learning_path_progress" ALTER COLUMN "created_at" DROP NOT NULL;ALTER TABLE "learning_path_progress" ALTER COLUMN "created_at" DROP DEFAULT;ALTER TABLE "learning_path_progress" ALTER COLUMN "created_at" TYPE TIMESTAMP WITH TIME ZONE;
Executing (default): ALTER TABLE "learning_path_progress" ALTER COLUMN "updated_at" DROP NOT NULL;ALTER TABLE "learning_path_progress" ALTER COLUMN "updated_at" DROP DEFAULT;ALTER TABLE "learning_path_progress" ALTER COLUMN "updated_at" TYPE TIMESTAMP WITH TIME ZONE;
Executing (default): ALTER TABLE "learning_path_progress" ALTER COLUMN "question_index" DROP NOT NULL;ALTER TABLE "learning_path_progress" ALTER COLUMN "question_index" DROP DEFAULT;ALTER TABLE "learning_path_progress" ALTER COLUMN "question_index" TYPE INTEGER;
Executing (default): ALTER TABLE "learning_path_progress" ALTER COLUMN "is_note" SET NOT NULL;ALTER TABLE "learning_path_progress" ALTER COLUMN "is_note" SET DEFAULT false;ALTER TABLE "learning_path_progress" ALTER COLUMN "is_note" TYPE BOOLEAN;
Executing (default): ALTER TABLE "learning_path_progress" ALTER COLUMN "answer_text" DROP NOT NULL;ALTER TABLE "learning_path_progress" ALTER COLUMN "answer_text" DROP DEFAULT;ALTER TABLE "learning_path_progress" ALTER COLUMN "answer_text" TYPE TEXT;
Executing (default): SELECT i.relname AS name, ix.indisprimary AS primary, ix.indisunique AS unique, ix.indkey AS indkey, array_agg(a.attnum) as column_indexes, array_agg(a.attname) AS column_names, pg_get_indexdef(ix.indexrelid) AS definition FROM pg_class t, pg_class i, pg_index ix, pg_attribute a WHERE t.oid = ix.indrelid AND i.oid = ix.indexrelid AND a.attrelid = t.oid AND t.relkind = 'r' and t.relname = 'learning_path_progress' GROUP BY i.relname, ix.indexrelid, ix.indisprimary, ix.indisunique, ix.indkey ORDER BY i.relname;
Executing (default): SELECT table_name FROM information_schema.tables WHERE table_schema = 'public' AND table_name = 'conversations'
Executing (default): SELECT pk.constraint_type as "Constraint",c.column_name as "Field", c.column_default as "Default",c.is_nullable as "Null", (CASE WHEN c.udt_name = 'hstore' THEN c.udt_name ELSE c.data_type END) || (CASE WHEN c.character_maximum_length IS NOT NULL THEN '(' || c.character_maximum_length || ')' ELSE '' END) as "Type", (SELECT array_agg(e.enumlabel) FROM pg_catalog.pg_type t JOIN pg_catalog.pg_enum e ON t.oid=e.enumtypid WHERE t.typname=c.udt_name) AS "special", (SELECT pgd.description FROM pg_catalog.pg_statio_all_tables AS st INNER JOIN pg_catalog.pg_description pgd on (pgd.objoid=st.relid) WHERE c.ordinal_position=pgd.objsubid AND c.table_name=st.relname) AS "Comment" FROM information_schema.columns c LEFT JOIN (SELECT tc.table_schema, tc.table_name, cu.column_name, tc.constraint_type FROM information_schema.TABLE_CONSTRAINTS tc JOIN information_schema.KEY_COLUMN_USAGE  cu ON tc.table_schema=cu.table_schema and tc.table_name=cu.table_name and tc.constraint_name=cu.constraint_name and tc.constraint_type='PRIMARY KEY') pk ON pk.table_schema=c.table_schema AND pk.table_name=c.table_name AND pk.column_name=c.column_name WHERE c.table_name = 'conversations' AND c.table_schema = 'public'
Executing (default): SELECT DISTINCT tc.constraint_name as constraint_name, tc.constraint_schema as constraint_schema, tc.constraint_catalog as constraint_catalog, tc.table_name as table_name,tc.table_schema as table_schema,tc.table_catalog as table_catalog,tc.initially_deferred as initially_deferred,tc.is_deferrable as is_deferrable,kcu.column_name as column_name,ccu.table_schema  AS referenced_table_schema,ccu.table_catalog  AS referenced_table_catalog,ccu.table_name  AS referenced_table_name,ccu.column_name AS referenced_column_name FROM information_schema.table_constraints AS tc JOIN information_schema.key_column_usage AS kcu ON tc.constraint_name = kcu.constraint_name JOIN information_schema.constraint_column_usage AS ccu ON ccu.constraint_name = tc.constraint_name WHERE constraint_type = 'FOREIGN KEY' AND tc.table_name = 'conversations' AND tc.table_catalog = 'EAP'
Executing (default): ALTER TABLE "conversations" ALTER COLUMN "created_at" DROP NOT NULL;ALTER TABLE "conversations" ALTER COLUMN "created_at" DROP DEFAULT;ALTER TABLE "conversations" ALTER COLUMN "created_at" TYPE TIMESTAMP WITH TIME ZONE;
Executing (default): ALTER TABLE "conversations" ALTER COLUMN "updated_at" DROP NOT NULL;ALTER TABLE "conversations" ALTER COLUMN "updated_at" DROP DEFAULT;ALTER TABLE "conversations" ALTER COLUMN "updated_at" TYPE TIMESTAMP WITH TIME ZONE;
Executing (default): SELECT i.relname AS name, ix.indisprimary AS primary, ix.indisunique AS unique, ix.indkey AS indkey, array_agg(a.attnum) as column_indexes, array_agg(a.attname) AS column_names, pg_get_indexdef(ix.indexrelid) AS definition FROM pg_class t, pg_class i, pg_index ix, pg_attribute a WHERE t.oid = ix.indrelid AND i.oid = ix.indexrelid AND a.attrelid = t.oid AND t.relkind = 'r' and t.relname = 'conversations' GROUP BY i.relname, ix.indexrelid, ix.indisprimary, ix.indisunique, ix.indkey ORDER BY i.relname;
Executing (default): SELECT table_name FROM information_schema.tables WHERE table_schema = 'public' AND table_name = 'conversation_participants'
Executing (default): SELECT pk.constraint_type as "Constraint",c.column_name as "Field", c.column_default as "Default",c.is_nullable as "Null", (CASE WHEN c.udt_name = 'hstore' THEN c.udt_name ELSE c.data_type END) || (CASE WHEN c.character_maximum_length IS NOT NULL THEN '(' || c.character_maximum_length || ')' ELSE '' END) as "Type", (SELECT array_agg(e.enumlabel) FROM pg_catalog.pg_type t JOIN pg_catalog.pg_enum e ON t.oid=e.enumtypid WHERE t.typname=c.udt_name) AS "special", (SELECT pgd.description FROM pg_catalog.pg_statio_all_tables AS st INNER JOIN pg_catalog.pg_description pgd on (pgd.objoid=st.relid) WHERE c.ordinal_position=pgd.objsubid AND c.table_name=st.relname) AS "Comment" FROM information_schema.columns c LEFT JOIN (SELECT tc.table_schema, tc.table_name, cu.column_name, tc.constraint_type FROM information_schema.TABLE_CONSTRAINTS tc JOIN information_schema.KEY_COLUMN_USAGE  cu ON tc.table_schema=cu.table_schema and tc.table_name=cu.table_name and tc.constraint_name=cu.constraint_name and tc.constraint_type='PRIMARY KEY') pk ON pk.table_schema=c.table_schema AND pk.table_name=c.table_name AND pk.column_name=c.column_name WHERE c.table_name = 'conversation_participants' AND c.table_schema = 'public'
Executing (default): SELECT DISTINCT tc.constraint_name as constraint_name, tc.constraint_schema as constraint_schema, tc.constraint_catalog as constraint_catalog, tc.table_name as table_name,tc.table_schema as table_schema,tc.table_catalog as table_catalog,tc.initially_deferred as initially_deferred,tc.is_deferrable as is_deferrable,kcu.column_name as column_name,ccu.table_schema  AS referenced_table_schema,ccu.table_catalog  AS referenced_table_catalog,ccu.table_name  AS referenced_table_name,ccu.column_name AS referenced_column_name FROM information_schema.table_constraints AS tc JOIN information_schema.key_column_usage AS kcu ON tc.constraint_name = kcu.constraint_name JOIN information_schema.constraint_column_usage AS ccu ON ccu.constraint_name = tc.constraint_name WHERE constraint_type = 'FOREIGN KEY' AND tc.table_name = 'conversation_participants' AND tc.table_catalog = 'EAP'
Executing (default): ALTER TABLE "conversation_participants" DROP CONSTRAINT "conversation_participants_conversation_id_fkey"
Executing (default): ALTER TABLE "conversation_participants" ALTER COLUMN "conversation_id" SET NOT NULL;ALTER TABLE "conversation_participants"  ADD FOREIGN KEY ("conversation_id") REFERENCES "conversations" ("id") ON DELETE CASCADE ON UPDATE CASCADE;
Executing (default): ALTER TABLE "conversation_participants" DROP CONSTRAINT "conversation_participants_user_id_fkey"
Executing (default): ALTER TABLE "conversation_participants" ALTER COLUMN "user_id" SET NOT NULL;ALTER TABLE "conversation_participants"  ADD FOREIGN KEY ("user_id") REFERENCES "users" ("id") ON DELETE CASCADE ON UPDATE CASCADE;
Executing (default): ALTER TABLE "conversation_participants" ALTER COLUMN "created_at" DROP NOT NULL;ALTER TABLE "conversation_participants" ALTER COLUMN "created_at" DROP DEFAULT;ALTER TABLE "conversation_participants" ALTER COLUMN "created_at" TYPE TIMESTAMP WITH TIME ZONE;
Executing (default): ALTER TABLE "conversation_participants" ALTER COLUMN "updated_at" DROP NOT NULL;ALTER TABLE "conversation_participants" ALTER COLUMN "updated_at" DROP DEFAULT;ALTER TABLE "conversation_participants" ALTER COLUMN "updated_at" TYPE TIMESTAMP WITH TIME ZONE;
Executing (default): SELECT i.relname AS name, ix.indisprimary AS primary, ix.indisunique AS unique, ix.indkey AS indkey, array_agg(a.attnum) as column_indexes, array_agg(a.attname) AS column_names, pg_get_indexdef(ix.indexrelid) AS definition FROM pg_class t, pg_class i, pg_index ix, pg_attribute a WHERE t.oid = ix.indrelid AND i.oid = ix.indexrelid AND a.attrelid = t.oid AND t.relkind = 'r' and t.relname = 'conversation_participants' GROUP BY i.relname, ix.indexrelid, ix.indisprimary, ix.indisunique, ix.indkey ORDER BY i.relname;
Executing (default): SELECT table_name FROM information_schema.tables WHERE table_schema = 'public' AND table_name = 'chat_messages'
Executing (default): SELECT pk.constraint_type as "Constraint",c.column_name as "Field", c.column_default as "Default",c.is_nullable as "Null", (CASE WHEN c.udt_name = 'hstore' THEN c.udt_name ELSE c.data_type END) || (CASE WHEN c.character_maximum_length IS NOT NULL THEN '(' || c.character_maximum_length || ')' ELSE '' END) as "Type", (SELECT array_agg(e.enumlabel) FROM pg_catalog.pg_type t JOIN pg_catalog.pg_enum e ON t.oid=e.enumtypid WHERE t.typname=c.udt_name) AS "special", (SELECT pgd.description FROM pg_catalog.pg_statio_all_tables AS st INNER JOIN pg_catalog.pg_description pgd on (pgd.objoid=st.relid) WHERE c.ordinal_position=pgd.objsubid AND c.table_name=st.relname) AS "Comment" FROM information_schema.columns c LEFT JOIN (SELECT tc.table_schema, tc.table_name, cu.column_name, tc.constraint_type FROM information_schema.TABLE_CONSTRAINTS tc JOIN information_schema.KEY_COLUMN_USAGE  cu ON tc.table_schema=cu.table_schema and tc.table_name=cu.table_name and tc.constraint_name=cu.constraint_name and tc.constraint_type='PRIMARY KEY') pk ON pk.table_schema=c.table_schema AND pk.table_name=c.table_name AND pk.column_name=c.column_name WHERE c.table_name = 'chat_messages' AND c.table_schema = 'public'
Executing (default): SELECT DISTINCT tc.constraint_name as constraint_name, tc.constraint_schema as constraint_schema, tc.constraint_catalog as constraint_catalog, tc.table_name as table_name,tc.table_schema as table_schema,tc.table_catalog as table_catalog,tc.initially_deferred as initially_deferred,tc.is_deferrable as is_deferrable,kcu.column_name as column_name,ccu.table_schema  AS referenced_table_schema,ccu.table_catalog  AS referenced_table_catalog,ccu.table_name  AS referenced_table_name,ccu.column_name AS referenced_column_name FROM information_schema.table_constraints AS tc JOIN information_schema.key_column_usage AS kcu ON tc.constraint_name = kcu.constraint_name JOIN information_schema.constraint_column_usage AS ccu ON ccu.constraint_name = tc.constraint_name WHERE constraint_type = 'FOREIGN KEY' AND tc.table_name = 'chat_messages' AND tc.table_catalog = 'EAP'
Executing (default): ALTER TABLE "chat_messages" DROP CONSTRAINT "chat_messages_conversation_id_fkey"
Executing (default): ALTER TABLE "chat_messages" ALTER COLUMN "conversation_id" SET NOT NULL;ALTER TABLE "chat_messages"  ADD FOREIGN KEY ("conversation_id") REFERENCES "conversations" ("id") ON DELETE CASCADE ON UPDATE CASCADE;
Executing (default): ALTER TABLE "chat_messages" DROP CONSTRAINT "chat_messages_sender_id_fkey"
Executing (default): ALTER TABLE "chat_messages" ALTER COLUMN "sender_id" SET NOT NULL;ALTER TABLE "chat_messages"  ADD FOREIGN KEY ("sender_id") REFERENCES "users" ("id") ON DELETE CASCADE ON UPDATE CASCADE;
Executing (default): ALTER TABLE "chat_messages" ALTER COLUMN "content" SET NOT NULL;ALTER TABLE "chat_messages" ALTER COLUMN "content" DROP DEFAULT;ALTER TABLE "chat_messages" ALTER COLUMN "content" TYPE TEXT;
Executing (default): ALTER TABLE "chat_messages" ALTER COLUMN "is_read" SET NOT NULL;ALTER TABLE "chat_messages" ALTER COLUMN "is_read" SET DEFAULT false;ALTER TABLE "chat_messages" ALTER COLUMN "is_read" TYPE BOOLEAN;
Executing (default): ALTER TABLE "chat_messages" ALTER COLUMN "created_at" DROP NOT NULL;ALTER TABLE "chat_messages" ALTER COLUMN "created_at" DROP DEFAULT;ALTER TABLE "chat_messages" ALTER COLUMN "created_at" TYPE TIMESTAMP WITH TIME ZONE;
Executing (default): ALTER TABLE "chat_messages" ALTER COLUMN "updated_at" DROP NOT NULL;ALTER TABLE "chat_messages" ALTER COLUMN "updated_at" DROP DEFAULT;ALTER TABLE "chat_messages" ALTER COLUMN "updated_at" TYPE TIMESTAMP WITH TIME ZONE;
Executing (default): SELECT i.relname AS name, ix.indisprimary AS primary, ix.indisunique AS unique, ix.indkey AS indkey, array_agg(a.attnum) as column_indexes, array_agg(a.attname) AS column_names, pg_get_indexdef(ix.indexrelid) AS definition FROM pg_class t, pg_class i, pg_index ix, pg_attribute a WHERE t.oid = ix.indrelid AND i.oid = ix.indexrelid AND a.attrelid = t.oid AND t.relkind = 'r' and t.relname = 'chat_messages' GROUP BY i.relname, ix.indexrelid, ix.indisprimary, ix.indisunique, ix.indkey ORDER BY i.relname;
Executing (default): SELECT table_name FROM information_schema.tables WHERE table_schema = 'public' AND table_name = 'tracked_scholarships'
Executing (default): SELECT pk.constraint_type as "Constraint",c.column_name as "Field", c.column_default as "Default",c.is_nullable as "Null", (CASE WHEN c.udt_name = 'hstore' THEN c.udt_name ELSE c.data_type END) || (CASE WHEN c.character_maximum_length IS NOT NULL THEN '(' || c.character_maximum_length || ')' ELSE '' END) as "Type", (SELECT array_agg(e.enumlabel) FROM pg_catalog.pg_type t JOIN pg_catalog.pg_enum e ON t.oid=e.enumtypid WHERE t.typname=c.udt_name) AS "special", (SELECT pgd.description FROM pg_catalog.pg_statio_all_tables AS st INNER JOIN pg_catalog.pg_description pgd on (pgd.objoid=st.relid) WHERE c.ordinal_position=pgd.objsubid AND c.table_name=st.relname) AS "Comment" FROM information_schema.columns c LEFT JOIN (SELECT tc.table_schema, tc.table_name, cu.column_name, tc.constraint_type FROM information_schema.TABLE_CONSTRAINTS tc JOIN information_schema.KEY_COLUMN_USAGE  cu ON tc.table_schema=cu.table_schema and tc.table_name=cu.table_name and tc.constraint_name=cu.constraint_name and tc.constraint_type='PRIMARY KEY') pk ON pk.table_schema=c.table_schema AND pk.table_name=c.table_name AND pk.column_name=c.column_name WHERE c.table_name = 'tracked_scholarships' AND c.table_schema = 'public'
Executing (default): SELECT DISTINCT tc.constraint_name as constraint_name, tc.constraint_schema as constraint_schema, tc.constraint_catalog as constraint_catalog, tc.table_name as table_name,tc.table_schema as table_schema,tc.table_catalog as table_catalog,tc.initially_deferred as initially_deferred,tc.is_deferrable as is_deferrable,kcu.column_name as column_name,ccu.table_schema  AS referenced_table_schema,ccu.table_catalog  AS referenced_table_catalog,ccu.table_name  AS referenced_table_name,ccu.column_name AS referenced_column_name FROM information_schema.table_constraints AS tc JOIN information_schema.key_column_usage AS kcu ON tc.constraint_name = kcu.constraint_name JOIN information_schema.constraint_column_usage AS ccu ON ccu.constraint_name = tc.constraint_name WHERE constraint_type = 'FOREIGN KEY' AND tc.table_name = 'tracked_scholarships' AND tc.table_catalog = 'EAP'
Executing (default): ALTER TABLE "tracked_scholarships" DROP CONSTRAINT "tracked_scholarships_student_id_fkey"
Executing (default): ALTER TABLE "tracked_scholarships" ALTER COLUMN "student_id" SET NOT NULL;ALTER TABLE "tracked_scholarships"  ADD FOREIGN KEY ("student_id") REFERENCES "students" ("id") ON DELETE CASCADE ON UPDATE CASCADE;
Executing (default): ALTER TABLE "tracked_scholarships" DROP CONSTRAINT "tracked_scholarships_scholarship_id_fkey"
Executing (default): ALTER TABLE "tracked_scholarships" ALTER COLUMN "scholarship_id" SET NOT NULL;ALTER TABLE "tracked_scholarships"  ADD FOREIGN KEY ("scholarship_id") REFERENCES "scholarships" ("id") ON DELETE NO ACTION ON UPDATE CASCADE;
Executing (default): ALTER TABLE "tracked_scholarships" ALTER COLUMN "manual_deadline" DROP NOT NULL;ALTER TABLE "tracked_scholarships" ALTER COLUMN "manual_deadline" DROP DEFAULT;ALTER TABLE "tracked_scholarships" ALTER COLUMN "manual_deadline" TYPE TIMESTAMP WITH TIME ZONE;
Executing (default): ALTER TABLE "tracked_scholarships" ALTER COLUMN "status" SET NOT NULL;ALTER TABLE "tracked_scholarships" ALTER COLUMN "status" SET DEFAULT 'NOT_STARTED';ALTER TABLE "tracked_scholarships" ALTER COLUMN "status" TYPE VARCHAR(20);
Executing (default): ALTER TABLE "tracked_scholarships" ALTER COLUMN "notification_lead_time" SET NOT NULL;ALTER TABLE "tracked_scholarships" ALTER COLUMN "notification_lead_time" SET DEFAULT 3;ALTER TABLE "tracked_scholarships" ALTER COLUMN "notification_lead_time" TYPE INTEGER;
Executing (default): ALTER TABLE "tracked_scholarships" ALTER COLUMN "created_at" DROP NOT NULL;ALTER TABLE "tracked_scholarships" ALTER COLUMN "created_at" DROP DEFAULT;ALTER TABLE "tracked_scholarships" ALTER COLUMN "created_at" TYPE TIMESTAMP WITH TIME ZONE;
Executing (default): ALTER TABLE "tracked_scholarships" ALTER COLUMN "updated_at" DROP NOT NULL;ALTER TABLE "tracked_scholarships" ALTER COLUMN "updated_at" DROP DEFAULT;ALTER TABLE "tracked_scholarships" ALTER COLUMN "updated_at" TYPE TIMESTAMP WITH TIME ZONE;
Executing (default): SELECT i.relname AS name, ix.indisprimary AS primary, ix.indisunique AS unique, ix.indkey AS indkey, array_agg(a.attnum) as column_indexes, array_agg(a.attname) AS column_names, pg_get_indexdef(ix.indexrelid) AS definition FROM pg_class t, pg_class i, pg_index ix, pg_attribute a WHERE t.oid = ix.indrelid AND i.oid = ix.indexrelid AND a.attrelid = t.oid AND t.relkind = 'r' and t.relname = 'tracked_scholarships' GROUP BY i.relname, ix.indexrelid, ix.indisprimary, ix.indisunique, ix.indkey ORDER BY i.relname;
Executing (default): SELECT table_name FROM information_schema.tables WHERE table_schema = 'public' AND table_name = 'scholarship_milestones'
Executing (default): SELECT pk.constraint_type as "Constraint",c.column_name as "Field", c.column_default as "Default",c.is_nullable as "Null", (CASE WHEN c.udt_name = 'hstore' THEN c.udt_name ELSE c.data_type END) || (CASE WHEN c.character_maximum_length IS NOT NULL THEN '(' || c.character_maximum_length || ')' ELSE '' END) as "Type", (SELECT array_agg(e.enumlabel) FROM pg_catalog.pg_type t JOIN pg_catalog.pg_enum e ON t.oid=e.enumtypid WHERE t.typname=c.udt_name) AS "special", (SELECT pgd.description FROM pg_catalog.pg_statio_all_tables AS st INNER JOIN pg_catalog.pg_description pgd on (pgd.objoid=st.relid) WHERE c.ordinal_position=pgd.objsubid AND c.table_name=st.relname) AS "Comment" FROM information_schema.columns c LEFT JOIN (SELECT tc.table_schema, tc.table_name, cu.column_name, tc.constraint_type FROM information_schema.TABLE_CONSTRAINTS tc JOIN information_schema.KEY_COLUMN_USAGE  cu ON tc.table_schema=cu.table_schema and tc.table_name=cu.table_name and tc.constraint_name=cu.constraint_name and tc.constraint_type='PRIMARY KEY') pk ON pk.table_schema=c.table_schema AND pk.table_name=c.table_name AND pk.column_name=c.column_name WHERE c.table_name = 'scholarship_milestones' AND c.table_schema = 'public'
Executing (default): SELECT DISTINCT tc.constraint_name as constraint_name, tc.constraint_schema as constraint_schema, tc.constraint_catalog as constraint_catalog, tc.table_name as table_name,tc.table_schema as table_schema,tc.table_catalog as table_catalog,tc.initially_deferred as initially_deferred,tc.is_deferrable as is_deferrable,kcu.column_name as column_name,ccu.table_schema  AS referenced_table_schema,ccu.table_catalog  AS referenced_table_catalog,ccu.table_name  AS referenced_table_name,ccu.column_name AS referenced_column_name FROM information_schema.table_constraints AS tc JOIN information_schema.key_column_usage AS kcu ON tc.constraint_name = kcu.constraint_name JOIN information_schema.constraint_column_usage AS ccu ON ccu.constraint_name = tc.constraint_name WHERE constraint_type = 'FOREIGN KEY' AND tc.table_name = 'scholarship_milestones' AND tc.table_catalog = 'EAP'
Executing (default): ALTER TABLE "scholarship_milestones" DROP CONSTRAINT "scholarship_milestones_tracked_scholarship_id_fkey"
Executing (default): ALTER TABLE "scholarship_milestones" ALTER COLUMN "tracked_scholarship_id" SET NOT NULL;ALTER TABLE "scholarship_milestones"  ADD FOREIGN KEY ("tracked_scholarship_id") REFERENCES "tracked_scholarships" ("id") ON DELETE CASCADE ON UPDATE CASCADE;
Executing (default): ALTER TABLE "scholarship_milestones" ALTER COLUMN "name" SET NOT NULL;ALTER TABLE "scholarship_milestones" ALTER COLUMN "name" DROP DEFAULT;ALTER TABLE "scholarship_milestones" ALTER COLUMN "name" TYPE VARCHAR(255);
Executing (default): ALTER TABLE "scholarship_milestones" ALTER COLUMN "type" SET NOT NULL;ALTER TABLE "scholarship_milestones" ALTER COLUMN "type" SET DEFAULT 'OTHER';ALTER TABLE "scholarship_milestones" ALTER COLUMN "type" TYPE VARCHAR(50);
Executing (default): ALTER TABLE "scholarship_milestones" ALTER COLUMN "description" DROP NOT NULL;ALTER TABLE "scholarship_milestones" ALTER COLUMN "description" DROP DEFAULT;ALTER TABLE "scholarship_milestones" ALTER COLUMN "description" TYPE TEXT;
Executing (default): ALTER TABLE "scholarship_milestones" ALTER COLUMN "deadline" SET NOT NULL;ALTER TABLE "scholarship_milestones" ALTER COLUMN "deadline" DROP DEFAULT;ALTER TABLE "scholarship_milestones" ALTER COLUMN "deadline" TYPE TIMESTAMP WITH TIME ZONE;
Executing (default): ALTER TABLE "scholarship_milestones" ALTER COLUMN "is_completed" SET NOT NULL;ALTER TABLE "scholarship_milestones" ALTER COLUMN "is_completed" SET DEFAULT false;ALTER TABLE "scholarship_milestones" ALTER COLUMN "is_completed" TYPE BOOLEAN;
Executing (default): ALTER TABLE "scholarship_milestones" ALTER COLUMN "created_at" DROP NOT NULL;ALTER TABLE "scholarship_milestones" ALTER COLUMN "created_at" DROP DEFAULT;ALTER TABLE "scholarship_milestones" ALTER COLUMN "created_at" TYPE TIMESTAMP WITH TIME ZONE;
Executing (default): ALTER TABLE "scholarship_milestones" ALTER COLUMN "updated_at" DROP NOT NULL;ALTER TABLE "scholarship_milestones" ALTER COLUMN "updated_at" DROP DEFAULT;ALTER TABLE "scholarship_milestones" ALTER COLUMN "updated_at" TYPE TIMESTAMP WITH TIME ZONE;
Executing (default): SELECT i.relname AS name, ix.indisprimary AS primary, ix.indisunique AS unique, ix.indkey AS indkey, array_agg(a.attnum) as column_indexes, array_agg(a.attname) AS column_names, pg_get_indexdef(ix.indexrelid) AS definition FROM pg_class t, pg_class i, pg_index ix, pg_attribute a WHERE t.oid = ix.indrelid AND i.oid = ix.indexrelid AND a.attrelid = t.oid AND t.relkind = 'r' and t.relname = 'scholarship_milestones' GROUP BY i.relname, ix.indexrelid, ix.indisprimary, ix.indisunique, ix.indkey ORDER BY i.relname;
Executing (default): SELECT table_name FROM information_schema.tables WHERE table_schema = 'public' AND table_name = 'visa_guidelines'
Executing (default): SELECT pk.constraint_type as "Constraint",c.column_name as "Field", c.column_default as "Default",c.is_nullable as "Null", (CASE WHEN c.udt_name = 'hstore' THEN c.udt_name ELSE c.data_type END) || (CASE WHEN c.character_maximum_length IS NOT NULL THEN '(' || c.character_maximum_length || ')' ELSE '' END) as "Type", (SELECT array_agg(e.enumlabel) FROM pg_catalog.pg_type t JOIN pg_catalog.pg_enum e ON t.oid=e.enumtypid WHERE t.typname=c.udt_name) AS "special", (SELECT pgd.description FROM pg_catalog.pg_statio_all_tables AS st INNER JOIN pg_catalog.pg_description pgd on (pgd.objoid=st.relid) WHERE c.ordinal_position=pgd.objsubid AND c.table_name=st.relname) AS "Comment" FROM information_schema.columns c LEFT JOIN (SELECT tc.table_schema, tc.table_name, cu.column_name, tc.constraint_type FROM information_schema.TABLE_CONSTRAINTS tc JOIN information_schema.KEY_COLUMN_USAGE  cu ON tc.table_schema=cu.table_schema and tc.table_name=cu.table_name and tc.constraint_name=cu.constraint_name and tc.constraint_type='PRIMARY KEY') pk ON pk.table_schema=c.table_schema AND pk.table_name=c.table_name AND pk.column_name=c.column_name WHERE c.table_name = 'visa_guidelines' AND c.table_schema = 'public'
Executing (default): SELECT DISTINCT tc.constraint_name as constraint_name, tc.constraint_schema as constraint_schema, tc.constraint_catalog as constraint_catalog, tc.table_name as table_name,tc.table_schema as table_schema,tc.table_catalog as table_catalog,tc.initially_deferred as initially_deferred,tc.is_deferrable as is_deferrable,kcu.column_name as column_name,ccu.table_schema  AS referenced_table_schema,ccu.table_catalog  AS referenced_table_catalog,ccu.table_name  AS referenced_table_name,ccu.column_name AS referenced_column_name FROM information_schema.table_constraints AS tc JOIN information_schema.key_column_usage AS kcu ON tc.constraint_name = kcu.constraint_name JOIN information_schema.constraint_column_usage AS ccu ON ccu.constraint_name = tc.constraint_name WHERE constraint_type = 'FOREIGN KEY' AND tc.table_name = 'visa_guidelines' AND tc.table_catalog = 'EAP'
Executing (default): ALTER TABLE "visa_guidelines" ALTER COLUMN "country" SET NOT NULL;ALTER TABLE "visa_guidelines" ALTER COLUMN "country" DROP DEFAULT;ALTER TABLE "visa_guidelines"  ADD UNIQUE ("country");ALTER TABLE "visa_guidelines" ALTER COLUMN "country" TYPE VARCHAR(255)  ;
Executing (default): ALTER TABLE "visa_guidelines" ALTER COLUMN "visaType" DROP NOT NULL;ALTER TABLE "visa_guidelines" ALTER COLUMN "visaType" DROP DEFAULT;ALTER TABLE "visa_guidelines" ALTER COLUMN "visaType" TYPE VARCHAR(255);
Executing (default): ALTER TABLE "visa_guidelines" ALTER COLUMN "requiredDocuments" DROP NOT NULL;ALTER TABLE "visa_guidelines" ALTER COLUMN "requiredDocuments" DROP DEFAULT;ALTER TABLE "visa_guidelines" ALTER COLUMN "requiredDocuments" TYPE JSONB;
Executing (default): ALTER TABLE "visa_guidelines" ALTER COLUMN "commonQuestions" DROP NOT NULL;ALTER TABLE "visa_guidelines" ALTER COLUMN "commonQuestions" DROP DEFAULT;ALTER TABLE "visa_guidelines" ALTER COLUMN "commonQuestions" TYPE JSONB;
Executing (default): ALTER TABLE "visa_guidelines" ALTER COLUMN "createdAt" SET NOT NULL;ALTER TABLE "visa_guidelines" ALTER COLUMN "createdAt" DROP DEFAULT;ALTER TABLE "visa_guidelines" ALTER COLUMN "createdAt" TYPE TIMESTAMP WITH TIME ZONE;
Executing (default): ALTER TABLE "visa_guidelines" ALTER COLUMN "updatedAt" SET NOT NULL;ALTER TABLE "visa_guidelines" ALTER COLUMN "updatedAt" DROP DEFAULT;ALTER TABLE "visa_guidelines" ALTER COLUMN "updatedAt" TYPE TIMESTAMP WITH TIME ZONE;
Executing (default): SELECT i.relname AS name, ix.indisprimary AS primary, ix.indisunique AS unique, ix.indkey AS indkey, array_agg(a.attnum) as column_indexes, array_agg(a.attname) AS column_names, pg_get_indexdef(ix.indexrelid) AS definition FROM pg_class t, pg_class i, pg_index ix, pg_attribute a WHERE t.oid = ix.indrelid AND i.oid = ix.indexrelid AND a.attrelid = t.oid AND t.relkind = 'r' and t.relname = 'visa_guidelines' GROUP BY i.relname, ix.indexrelid, ix.indisprimary, ix.indisunique, ix.indkey ORDER BY i.relname;
Executing (default): SELECT table_name FROM information_schema.tables WHERE table_schema = 'public' AND table_name = 'visa_mock_interviews'
Executing (default): SELECT t.typname enum_name, array_agg(e.enumlabel ORDER BY enumsortorder) enum_value FROM pg_type t JOIN pg_enum e ON t.oid = e.enumtypid JOIN pg_catalog.pg_namespace n ON n.oid = t.typnamespace WHERE n.nspname = 'public' AND t.typname='enum_visa_mock_interviews_status' GROUP BY 1
Executing (default): SELECT pk.constraint_type as "Constraint",c.column_name as "Field", c.column_default as "Default",c.is_nullable as "Null", (CASE WHEN c.udt_name = 'hstore' THEN c.udt_name ELSE c.data_type END) || (CASE WHEN c.character_maximum_length IS NOT NULL THEN '(' || c.character_maximum_length || ')' ELSE '' END) as "Type", (SELECT array_agg(e.enumlabel) FROM pg_catalog.pg_type t JOIN pg_catalog.pg_enum e ON t.oid=e.enumtypid WHERE t.typname=c.udt_name) AS "special", (SELECT pgd.description FROM pg_catalog.pg_statio_all_tables AS st INNER JOIN pg_catalog.pg_description pgd on (pgd.objoid=st.relid) WHERE c.ordinal_position=pgd.objsubid AND c.table_name=st.relname) AS "Comment" FROM information_schema.columns c LEFT JOIN (SELECT tc.table_schema, tc.table_name, cu.column_name, tc.constraint_type FROM information_schema.TABLE_CONSTRAINTS tc JOIN information_schema.KEY_COLUMN_USAGE  cu ON tc.table_schema=cu.table_schema and tc.table_name=cu.table_name and tc.constraint_name=cu.constraint_name and tc.constraint_type='PRIMARY KEY') pk ON pk.table_schema=c.table_schema AND pk.table_name=c.table_name AND pk.column_name=c.column_name WHERE c.table_name = 'visa_mock_interviews' AND c.table_schema = 'public'
Executing (default): SELECT DISTINCT tc.constraint_name as constraint_name, tc.constraint_schema as constraint_schema, tc.constraint_catalog as constraint_catalog, tc.table_name as table_name,tc.table_schema as table_schema,tc.table_catalog as table_catalog,tc.initially_deferred as initially_deferred,tc.is_deferrable as is_deferrable,kcu.column_name as column_name,ccu.table_schema  AS referenced_table_schema,ccu.table_catalog  AS referenced_table_catalog,ccu.table_name  AS referenced_table_name,ccu.column_name AS referenced_column_name FROM information_schema.table_constraints AS tc JOIN information_schema.key_column_usage AS kcu ON tc.constraint_name = kcu.constraint_name JOIN information_schema.constraint_column_usage AS ccu ON ccu.constraint_name = tc.constraint_name WHERE constraint_type = 'FOREIGN KEY' AND tc.table_name = 'visa_mock_interviews' AND tc.table_catalog = 'EAP'
Executing (default): ALTER TABLE "visa_mock_interviews" DROP CONSTRAINT "visa_mock_interviews_studentId_fkey"
Executing (default): ALTER TABLE "visa_mock_interviews"  ADD FOREIGN KEY ("studentId") REFERENCES "students" ("id") ON DELETE NO ACTION ON UPDATE CASCADE;
Executing (default): ALTER TABLE "visa_mock_interviews" ALTER COLUMN "country" DROP NOT NULL;ALTER TABLE "visa_mock_interviews" ALTER COLUMN "country" DROP DEFAULT;ALTER TABLE "visa_mock_interviews" ALTER COLUMN "country" TYPE VARCHAR(255);
Executing (default): ALTER TABLE "visa_mock_interviews" ALTER COLUMN "vapiCallId" DROP NOT NULL;ALTER TABLE "visa_mock_interviews" ALTER COLUMN "vapiCallId" DROP DEFAULT;ALTER TABLE "visa_mock_interviews"  ADD UNIQUE ("vapiCallId");ALTER TABLE "visa_mock_interviews" ALTER COLUMN "vapiCallId" TYPE VARCHAR(255) ;
Executing (default): ALTER TABLE "visa_mock_interviews" ALTER COLUMN "transcript" DROP NOT NULL;ALTER TABLE "visa_mock_interviews" ALTER COLUMN "transcript" DROP DEFAULT;ALTER TABLE "visa_mock_interviews" ALTER COLUMN "transcript" TYPE JSONB;
Executing (default): ALTER TABLE "visa_mock_interviews" ALTER COLUMN "audioUrl" DROP NOT NULL;ALTER TABLE "visa_mock_interviews" ALTER COLUMN "audioUrl" DROP DEFAULT;ALTER TABLE "visa_mock_interviews" ALTER COLUMN "audioUrl" TYPE VARCHAR(255);
Executing (default): ALTER TABLE "visa_mock_interviews" ALTER COLUMN "status" DROP NOT NULL;ALTER TABLE "visa_mock_interviews" ALTER COLUMN "status" SET DEFAULT 'Pending';DO 'BEGIN CREATE TYPE "public"."enum_visa_mock_interviews_status" AS ENUM(''Pending'', ''Completed'', ''Evaluated''); EXCEPTION WHEN duplicate_object THEN null; END';ALTER TABLE "visa_mock_interviews" ALTER COLUMN "status" TYPE "public"."enum_visa_mock_interviews_status" USING ("status"::"public"."enum_visa_mock_interviews_status");
Executing (default): ALTER TABLE "visa_mock_interviews" ALTER COLUMN "aiEvaluation" DROP NOT NULL;ALTER TABLE "visa_mock_interviews" ALTER COLUMN "aiEvaluation" DROP DEFAULT;ALTER TABLE "visa_mock_interviews" ALTER COLUMN "aiEvaluation" TYPE JSONB;
Executing (default): ALTER TABLE "visa_mock_interviews" ALTER COLUMN "createdAt" SET NOT NULL;ALTER TABLE "visa_mock_interviews" ALTER COLUMN "createdAt" DROP DEFAULT;ALTER TABLE "visa_mock_interviews" ALTER COLUMN "createdAt" TYPE TIMESTAMP WITH TIME ZONE;
Executing (default): ALTER TABLE "visa_mock_interviews" ALTER COLUMN "updatedAt" SET NOT NULL;ALTER TABLE "visa_mock_interviews" ALTER COLUMN "updatedAt" DROP DEFAULT;ALTER TABLE "visa_mock_interviews" ALTER COLUMN "updatedAt" TYPE TIMESTAMP WITH TIME ZONE;
Executing (default): SELECT i.relname AS name, ix.indisprimary AS primary, ix.indisunique AS unique, ix.indkey AS indkey, array_agg(a.attnum) as column_indexes, array_agg(a.attname) AS column_names, pg_get_indexdef(ix.indexrelid) AS definition FROM pg_class t, pg_class i, pg_index ix, pg_attribute a WHERE t.oid = ix.indrelid AND i.oid = ix.indexrelid AND a.attrelid = t.oid AND t.relkind = 'r' and t.relname = 'visa_mock_interviews' GROUP BY i.relname, ix.indexrelid, ix.indisprimary, ix.indisunique, ix.indkey ORDER BY i.relname;
Database models synchronized
Starting Visa Flow Test...
Executing (default): SELECT "Student"."id", "Student"."user_id" AS "userId", "Student"."calculated_gpa" AS "calculatedGpa", "Student"."academic_history" AS "academicHistory", "Student"."study_preferences" AS "studyPreferences", "Student"."extracted_data" AS "extractedData", "Student"."id_match_confidence" AS "idMatchConfidence", "Student"."identity_verified" AS "identityVerified", "Student"."is_onboarded" AS "isOnboarded", "Student"."document_url" AS "documentUrl", "Student"."cv_url" AS "cvUrl", "Student"."transcript_url" AS "transcriptUrl", "Student"."certificate_url" AS "certificateUrl", "Student"."degree_certificate_url" AS "degreeCertificateUrl", "Student"."language_certificate_url" AS "languageCertificateUrl", "Student"."intake_season" AS "intakeSeason", "Student"."funding_requirement" AS "fundingRequirement", "Student"."ielts_score" AS "ieltsScore", "Student"."toefl_score" AS "toeflScore", "Student"."duolingo_score" AS "duolingoScore", "Student"."gender", "Student"."age", "Student"."work_experience" AS "workExperience", "Student"."country_interest" AS "countryInterest", "Student"."high_school" AS "highSchool", "Student"."academic_status" AS "academicStatus", "Student"."date_of_birth" AS "dateOfBirth", "Student"."nationality", "Student"."country_of_residence" AS "countryOfResidence", "Student"."city", "Student"."phone_number" AS "phoneNumber", "Student"."field_of_study" AS "fieldOfStudy", "Student"."current_university" AS "currentUniversity", "Student"."graduation_year" AS "graduationYear", "Student"."degree_seeking" AS "degreeSeeking", "Student"."preferred_degree_level" AS "preferredDegreeLevel", "Student"."study_mode" AS "studyMode", "Student"."preferred_countries" AS "preferredCountries", "Student"."preferred_universities" AS "preferredUniversities", "Student"."language_test_type" AS "languageTestType", "Student"."language_score" AS "languageScore", "Student"."needs_financial_support" AS "needsFinancialSupport", "Student"."family_income_range" AS "familyIncomeRange", "Student"."research_area" AS "researchArea", "Student"."proposed_research_topic" AS "proposedResearchTopic", "Student"."notification_preferences" AS "notificationPreferences", "Student"."id_card_url" AS "idCardUrl", "Student"."selfie_url" AS "selfieUrl", "Student"."embedding", "Student"."profile_hash" AS "profileHash", "Student"."created_at" AS "createdAt", "Student"."updated_at" AS "updatedAt", "user"."id" AS "user.id", "user"."name" AS "user.name", "user"."email" AS "user.email", "user"."password" AS "user.password", "user"."google_id" AS "user.googleId", "user"."role" AS "user.role", "user"."is_active" AS "user.isActive", "user"."created_at" AS "user.createdAt", "user"."updated_at" AS "user.updatedAt", "user"."fcm_token" AS "user.fcmToken" FROM "students" AS "Student" LEFT OUTER JOIN "users" AS "user" ON "Student"."user_id" = "user"."id" LIMIT 1;
Executing (default): SELECT "id", "country", "visaType", "requiredDocuments", "commonQuestions", "createdAt", "updatedAt" FROM "visa_guidelines" AS "VisaGuideline" WHERE "VisaGuideline"."country" = 'USA';
Executing (default): INSERT INTO "visa_mock_interviews" ("id","studentId","country","status","createdAt","updatedAt") VALUES ($1,$2,$3,$4,$5,$6) RETURNING "id","studentId","country","vapiCallId","transcript","audioUrl","status","aiEvaluation","createdAt","updatedAt";
Call Initiated: {
  assistantId: '1576a01b-fc1d-4524-a721-e597196d78d5',
  interviewId: '24bcf5bf-883a-4b9d-be62-9484442ea58e'
}
Sending mock 'call-start' to http://localhost:5000/api/visa/webhook/vapi
Test failed: Request failed with status code 500
Response data: { error: 'Internal Server Error' }
